#
# There is insufficient memory for the Java Runtime Environment to continue.
# Native memory allocation (malloc) failed to allocate 1655472 bytes. Error detail: Chunk::new
# Possible reasons:
#   The system is out of physical RAM or swap space
#   This process is running with CompressedOops enabled, and the Java Heap may be blocking the growth of the native heap
# Possible solutions:
#   Reduce memory load on the system
#   Increase physical memory or swap space
#   Check if swap backing store is full
#   Decrease Java heap size (-Xmx/-Xms)
#   Decrease number of Java threads
#   Decrease Java thread stack sizes (-Xss)
#   Set larger code cache with -XX:ReservedCodeCacheSize=
#   JVM is running with Unscaled Compressed Oops mode in which the Java heap is
#     placed in the first 4GB address space. The Java Heap base address is the
#     maximum limit for the native heap growth. Please use -XX:HeapBaseMinAddress
#     to set the Java Heap base and to place the Java Heap above 4GB virtual address.
# This output file may be truncated or incomplete.
#
#  Out of Memory Error (arena.cpp:168), pid=25836, tid=26388
#
# JRE version: OpenJDK Runtime Environment Temurin-21.0.8+9 (21.0.8+9) (build 21.0.8+9-LTS)
# Java VM: OpenJDK 64-Bit Server VM Temurin-21.0.8+9 (21.0.8+9-LTS, mixed mode, sharing, tiered, compressed oops, compressed class ptrs, parallel gc, windows-amd64)
# No core dump will be written. Minidumps are not enabled by default on client versions of Windows
#

---------------  S U M M A R Y ------------

Command Line: --add-modules=ALL-SYSTEM --add-opens=java.base/java.util=ALL-UNNAMED --add-opens=java.base/java.lang=ALL-UNNAMED --add-opens=java.base/sun.nio.fs=ALL-UNNAMED -Declipse.application=org.eclipse.jdt.ls.core.id1 -Dosgi.bundles.defaultStartLevel=4 -Declipse.product=org.eclipse.jdt.ls.core.product -Djava.import.generatesMetadataFilesAtProjectRoot=false -DDetectVMInstallationsJob.disabled=true -Dfile.encoding=utf8 -XX:+UseParallelGC -XX:GCTimeRatio=4 -XX:AdaptiveSizePolicyWeight=90 -Dsun.zip.disableMemoryMapping=true -Xmx2G -Xms100m -Xlog:disable -javaagent:c:\Users\LENOVO\.cursor\extensions\redhat.java-1.44.0-win32-x64\lombok\lombok-1.18.39-4050.jar c:\Users\LENOVO\.cursor\extensions\redhat.java-1.44.0-win32-x64\server\plugins\org.eclipse.equinox.launcher_1.7.0.v20250519-0528.jar -configuration c:\Users\LENOVO\AppData\Roaming\Cursor\User\globalStorage\redhat.java\1.44.0\config_ss_win -data c:\Users\LENOVO\AppData\Roaming\Cursor\User\workspaceStorage\1baef6df04993292a9366d1574bcb784\redhat.java\ss_ws --pipe=\\.\pipe\lsp-a4f032cca7b36f5b24da6f945753d02f-sock

Host: AMD Ryzen 5 5500U with Radeon Graphics         , 12 cores, 5G,  Windows 11 , 64 bit Build 26100 (10.0.26100.4768)
Time: Sat Aug  9 20:41:10 2025 India Standard Time elapsed time: 13.027385 seconds (0d 0h 0m 13s)

---------------  T H R E A D  ---------------

Current thread (0x0000024185040550):  JavaThread "C2 CompilerThread0" daemon [_thread_in_native, id=26388, stack(0x00000094a0c00000,0x00000094a0d00000) (1024K)]


Current CompileTask:
C2:13027 2654       4       java.lang.invoke.MethodType::makeImpl (109 bytes)

Stack: [0x00000094a0c00000,0x00000094a0d00000]
Native frames: (J=compiled Java code, j=interpreted, Vv=VM code, C=native code)
V  [jvm.dll+0x6d2449]
V  [jvm.dll+0x8ae341]
V  [jvm.dll+0x8b08be]
V  [jvm.dll+0x8b0fa3]
V  [jvm.dll+0x280c96]
V  [jvm.dll+0xc581d]
V  [jvm.dll+0xc5d53]
V  [jvm.dll+0x3b919c]
V  [jvm.dll+0x385315]
V  [jvm.dll+0x38477a]
V  [jvm.dll+0x248ed0]
V  [jvm.dll+0x2484af]
V  [jvm.dll+0x1c89ee]
V  [jvm.dll+0x257d4d]
V  [jvm.dll+0x2562ea]
V  [jvm.dll+0x3f2d16]
V  [jvm.dll+0x857e6b]
V  [jvm.dll+0x6d0b0d]
C  [ucrtbase.dll+0x37b0]
C  [KERNEL32.DLL+0x2e8d7]
C  [ntdll.dll+0x3c34c]


---------------  P R O C E S S  ---------------

Threads class SMR info:
_java_thread_list=0x0000024185ca8460, length=20, elements={
0x00000241a748a960, 0x00000241850004a0, 0x00000241850023c0, 0x0000024185007540,
0x0000024185008190, 0x000002418500c150, 0x000002418500d510, 0x0000024185040550,
0x0000024185045010, 0x0000024185131770, 0x00000241853f6040, 0x0000024185b079c0,
0x0000024185cf0710, 0x0000024185cbc960, 0x0000024185bb1f80, 0x0000024185c2c880,
0x00000241852a5150, 0x0000024185f3f230, 0x00000241862a3970, 0x0000024187849420
}

Java Threads: ( => current thread )
  0x00000241a748a960 JavaThread "main"                              [_thread_blocked, id=23220, stack(0x00000094a0200000,0x00000094a0300000) (1024K)]
  0x00000241850004a0 JavaThread "Reference Handler"          daemon [_thread_blocked, id=20296, stack(0x00000094a0600000,0x00000094a0700000) (1024K)]
  0x00000241850023c0 JavaThread "Finalizer"                  daemon [_thread_blocked, id=25676, stack(0x00000094a0700000,0x00000094a0800000) (1024K)]
  0x0000024185007540 JavaThread "Signal Dispatcher"          daemon [_thread_blocked, id=25760, stack(0x00000094a0800000,0x00000094a0900000) (1024K)]
  0x0000024185008190 JavaThread "Attach Listener"            daemon [_thread_blocked, id=25624, stack(0x00000094a0900000,0x00000094a0a00000) (1024K)]
  0x000002418500c150 JavaThread "Service Thread"             daemon [_thread_blocked, id=25844, stack(0x00000094a0a00000,0x00000094a0b00000) (1024K)]
  0x000002418500d510 JavaThread "Monitor Deflation Thread"   daemon [_thread_blocked, id=26220, stack(0x00000094a0b00000,0x00000094a0c00000) (1024K)]
=>0x0000024185040550 JavaThread "C2 CompilerThread0"         daemon [_thread_in_native, id=26388, stack(0x00000094a0c00000,0x00000094a0d00000) (1024K)]
  0x0000024185045010 JavaThread "C1 CompilerThread0"         daemon [_thread_blocked, id=25300, stack(0x00000094a0d00000,0x00000094a0e00000) (1024K)]
  0x0000024185131770 JavaThread "Common-Cleaner"             daemon [_thread_blocked, id=26308, stack(0x00000094a0e00000,0x00000094a0f00000) (1024K)]
  0x00000241853f6040 JavaThread "Notification Thread"        daemon [_thread_blocked, id=25540, stack(0x00000094a0f00000,0x00000094a1000000) (1024K)]
  0x0000024185b079c0 JavaThread "Active Thread: Equinox Container: 8877cfcd-1d0a-4ae8-a914-3fdf7a0845b0"        [_thread_blocked, id=25904, stack(0x00000094a1600000,0x00000094a1700000) (1024K)]
  0x0000024185cf0710 JavaThread "Framework Event Dispatcher: Equinox Container: 8877cfcd-1d0a-4ae8-a914-3fdf7a0845b0" daemon [_thread_blocked, id=12744, stack(0x00000094a1700000,0x00000094a1800000) (1024K)]
  0x0000024185cbc960 JavaThread "Start Level: Equinox Container: 8877cfcd-1d0a-4ae8-a914-3fdf7a0845b0" daemon [_thread_in_vm, id=23924, stack(0x00000094a1800000,0x00000094a1900000) (1024K)]
  0x0000024185bb1f80 JavaThread "SCR Component Actor"        daemon [_thread_blocked, id=20580, stack(0x00000094a1a00000,0x00000094a1b00000) (1024K)]
  0x0000024185c2c880 JavaThread "SCR Component Registry"     daemon [_thread_blocked, id=7220, stack(0x00000094a1b00000,0x00000094a1c00000) (1024K)]
  0x00000241852a5150 JavaThread "Worker-JM"                         [_thread_blocked, id=24968, stack(0x00000094a1c00000,0x00000094a1d00000) (1024K)]
  0x0000024185f3f230 JavaThread "JNA Cleaner"                daemon [_thread_blocked, id=25048, stack(0x00000094a1f00000,0x00000094a2000000) (1024K)]
  0x00000241862a3970 JavaThread "Worker-0"                          [_thread_blocked, id=26544, stack(0x00000094a2000000,0x00000094a2100000) (1024K)]
  0x0000024187849420 JavaThread "Worker-1"                          [_thread_blocked, id=25932, stack(0x00000094a2100000,0x00000094a2200000) (1024K)]
Total: 20

Other Threads:
  0x00000241a74250b0 VMThread "VM Thread"                           [id=24704, stack(0x00000094a0500000,0x00000094a0600000) (1024K)]
  0x00000241a731ca00 WatcherThread "VM Periodic Task Thread"        [id=25108, stack(0x00000094a0400000,0x00000094a0500000) (1024K)]
  0x00000241a74a9650 WorkerThread "GC Thread#0"                     [id=26352, stack(0x00000094a0300000,0x00000094a0400000) (1024K)]
  0x00000241854961e0 WorkerThread "GC Thread#1"                     [id=26244, stack(0x00000094a1000000,0x00000094a1100000) (1024K)]
  0x0000024185496580 WorkerThread "GC Thread#2"                     [id=19332, stack(0x00000094a1100000,0x00000094a1200000) (1024K)]
  0x00000241858da520 WorkerThread "GC Thread#3"                     [id=25604, stack(0x00000094a1200000,0x00000094a1300000) (1024K)]
  0x00000241858da8c0 WorkerThread "GC Thread#4"                     [id=25652, stack(0x00000094a1300000,0x00000094a1400000) (1024K)]
  0x0000024185594f60 WorkerThread "GC Thread#5"                     [id=26280, stack(0x00000094a1400000,0x00000094a1500000) (1024K)]
  0x0000024185595300 WorkerThread "GC Thread#6"                     [id=26216, stack(0x00000094a1500000,0x00000094a1600000) (1024K)]
  0x0000024185b84cd0 WorkerThread "GC Thread#7"                     [id=26556, stack(0x00000094a1900000,0x00000094a1a00000) (1024K)]
  0x000002418516f160 WorkerThread "GC Thread#8"                     [id=3812, stack(0x00000094a1d00000,0x00000094a1e00000) (1024K)]
  0x000002418555b420 WorkerThread "GC Thread#9"                     [id=25016, stack(0x00000094a1e00000,0x00000094a1f00000) (1024K)]
Total: 12

Threads with active compile tasks:
C2 CompilerThread0  13083 2654       4       java.lang.invoke.MethodType::makeImpl (109 bytes)
Total: 1

VM state: not at safepoint (normal execution)

VM Mutex/Monitor currently owned by a thread: None

Heap address: 0x0000000080000000, size: 2048 MB, Compressed Oops mode: 32-bit

CDS archive(s) mapped at: [0x00000241be000000-0x00000241beba0000-0x00000241beba0000), size 12189696, SharedBaseAddress: 0x00000241be000000, ArchiveRelocationMode: 1.
Compressed class space mapped at: 0x00000241bf000000-0x00000241ff000000, reserved size: 1073741824
Narrow klass base: 0x00000241be000000, Narrow klass shift: 0, Narrow klass range: 0x100000000

GC Precious Log:
 CardTable entry size: 512
 CPUs: 12 total, 12 available
 Memory: 5989M
 Large Page Support: Disabled
 NUMA Support: Disabled
 Compressed Oops: Enabled (32-bit)
 Alignments: Space 512K, Generation 512K, Heap 2M
 Heap Min Capacity: 100M
 Heap Initial Capacity: 100M
 Heap Max Capacity: 2G
 Pre-touch: Disabled
 Parallel Workers: 10

Heap:
 PSYoungGen      total 29184K, used 13570K [0x00000000d5580000, 0x00000000d8200000, 0x0000000100000000)
  eden space 25088K, 37% used [0x00000000d5580000,0x00000000d5ec6f10,0x00000000d6e00000)
  from space 4096K, 99% used [0x00000000d6e80000,0x00000000d7279ba8,0x00000000d7280000)
  to   space 10240K, 0% used [0x00000000d7800000,0x00000000d7800000,0x00000000d8200000)
 ParOldGen       total 68608K, used 17636K [0x0000000080000000, 0x0000000084300000, 0x00000000d5580000)
  object space 68608K, 25% used [0x0000000080000000,0x0000000081139108,0x0000000084300000)
 Metaspace       used 18416K, committed 19072K, reserved 1114112K
  class space    used 1860K, committed 2176K, reserved 1048576K

Card table byte_map: [0x00000241a6e30000,0x00000241a7240000] _byte_map_base: 0x00000241a6a30000

Marking Bits: (ParMarkBitMap*) 0x00007ffb27b3a340
 Begin Bits: [0x00000241b9930000, 0x00000241bb930000)
 End Bits:   [0x00000241bb930000, 0x00000241bd930000)

Polling page: 0x00000241a50b0000

Metaspace:

Usage:
  Non-class:     16.17 MB used.
      Class:      1.82 MB used.
       Both:     17.99 MB used.

Virtual space:
  Non-class space:       64.00 MB reserved,      16.50 MB ( 26%) committed,  1 nodes.
      Class space:        1.00 GB reserved,       2.12 MB ( <1%) committed,  1 nodes.
             Both:        1.06 GB reserved,      18.62 MB (  2%) committed. 

Chunk freelists:
   Non-Class:  15.05 MB
       Class:  13.70 MB
        Both:  28.75 MB

MaxMetaspaceSize: unlimited
CompressedClassSpaceSize: 1.00 GB
Initial GC threshold: 21.00 MB
Current GC threshold: 21.00 MB
CDS: on
 - commit_granule_bytes: 65536.
 - commit_granule_words: 8192.
 - virtual_space_node_default_size: 8388608.
 - enlarge_chunks_in_place: 1.
 - use_allocation_guard: 0.


Internal statistics:

num_allocs_failed_limit: 0.
num_arena_births: 500.
num_arena_deaths: 0.
num_vsnodes_births: 2.
num_vsnodes_deaths: 0.
num_space_committed: 298.
num_space_uncommitted: 0.
num_chunks_returned_to_freelist: 0.
num_chunks_taken_from_freelist: 1195.
num_chunk_merges: 0.
num_chunk_splits: 755.
num_chunks_enlarged: 478.
num_inconsistent_stats: 0.

CodeHeap 'non-profiled nmethods': size=120000Kb used=1233Kb max_used=1233Kb free=118766Kb
 bounds [0x00000241b2150000, 0x00000241b23c0000, 0x00000241b9680000]
CodeHeap 'profiled nmethods': size=120000Kb used=5159Kb max_used=5159Kb free=114840Kb
 bounds [0x00000241aa680000, 0x00000241aab90000, 0x00000241b1bb0000]
CodeHeap 'non-nmethods': size=5760Kb used=1272Kb max_used=1310Kb free=4487Kb
 bounds [0x00000241b1bb0000, 0x00000241b1e20000, 0x00000241b2150000]
CodeCache: size=245760Kb, used=7664Kb, max_used=7702Kb, free=238093Kb
 total_blobs=3276, nmethods=2727, adapters=455, full_count=0
Compilation: enabled, stopped_count=0, restarted_count=0

Compilation events (20 events):
Event: 11.817 Thread 0x0000024185045010 2718       3       java.util.regex.Matcher::reset (128 bytes)
Event: 11.819 Thread 0x0000024185045010 nmethod 2718 0x00000241aab80310 code [0x00000241aab80520, 0x00000241aab80af0]
Event: 11.830 Thread 0x0000024185045010 2719       3       org.lombokweb.asm.Type::hashCode (68 bytes)
Event: 11.831 Thread 0x0000024185045010 nmethod 2719 0x00000241aab80d90 code [0x00000241aab80fa0, 0x00000241aab81690]
Event: 11.831 Thread 0x0000024185045010 2721       3       org.lombokweb.asm.Label::accept (69 bytes)
Event: 11.832 Thread 0x0000024185045010 nmethod 2721 0x00000241aab81990 code [0x00000241aab81b80, 0x00000241aab820b8]
Event: 11.832 Thread 0x0000024185045010 2720       3       org.lombokweb.asm.MethodVisitor::visitLabel (16 bytes)
Event: 11.833 Thread 0x0000024185045010 nmethod 2720 0x00000241aab82290 code [0x00000241aab82440, 0x00000241aab82648]
Event: 11.884 Thread 0x0000024185045010 2722   !   3       java.io.BufferedInputStream::read (69 bytes)
Event: 11.886 Thread 0x0000024185045010 nmethod 2722 0x00000241aab82710 code [0x00000241aab829a0, 0x00000241aab835e0]
Event: 11.897 Thread 0x0000024185045010 2723       3       jdk.internal.misc.CDS::isDumpingArchive (4 bytes)
Event: 11.897 Thread 0x0000024185045010 nmethod 2723 0x00000241aab83a90 code [0x00000241aab83c20, 0x00000241aab83d10]
Event: 11.994 Thread 0x0000024185045010 2724       1       org.eclipse.osgi.internal.loader.sources.PackageSource::getId (5 bytes)
Event: 11.994 Thread 0x0000024185045010 nmethod 2724 0x00000241b2283a10 code [0x00000241b2283ba0, 0x00000241b2283c68]
Event: 12.319 Thread 0x0000024185045010 2725       1       org.eclipse.core.internal.jobs.InternalJob::previous (5 bytes)
Event: 12.319 Thread 0x0000024185045010 nmethod 2725 0x00000241b2283d10 code [0x00000241b2283ea0, 0x00000241b2283f68]
Event: 12.415 Thread 0x0000024185045010 2726       3       java.lang.Thread::isVirtual (5 bytes)
Event: 12.415 Thread 0x0000024185045010 nmethod 2726 0x00000241aab83d90 code [0x00000241aab83f40, 0x00000241aab84148]
Event: 12.720 Thread 0x0000024185045010 2727       3       java.util.concurrent.locks.AbstractQueuedSynchronizer::casTail (13 bytes)
Event: 12.721 Thread 0x0000024185045010 nmethod 2727 0x00000241aab84210 code [0x00000241aab843a0, 0x00000241aab844e0]

GC Heap History (10 events):
Event: 3.283 GC heap before
{Heap before GC invocations=1 (full 0):
 PSYoungGen      total 29696K, used 25600K [0x00000000d5580000, 0x00000000d7680000, 0x0000000100000000)
  eden space 25600K, 100% used [0x00000000d5580000,0x00000000d6e80000,0x00000000d6e80000)
  from space 4096K, 0% used [0x00000000d7280000,0x00000000d7280000,0x00000000d7680000)
  to   space 4096K, 0% used [0x00000000d6e80000,0x00000000d6e80000,0x00000000d7280000)
 ParOldGen       total 68608K, used 0K [0x0000000080000000, 0x0000000084300000, 0x00000000d5580000)
  object space 68608K, 0% used [0x0000000080000000,0x0000000080000000,0x0000000084300000)
 Metaspace       used 4319K, committed 4608K, reserved 1114112K
  class space    used 471K, committed 576K, reserved 1048576K
}
Event: 3.302 GC heap after
{Heap after GC invocations=1 (full 0):
 PSYoungGen      total 29696K, used 3317K [0x00000000d5580000, 0x00000000d7680000, 0x0000000100000000)
  eden space 25600K, 0% used [0x00000000d5580000,0x00000000d5580000,0x00000000d6e80000)
  from space 4096K, 80% used [0x00000000d6e80000,0x00000000d71bd530,0x00000000d7280000)
  to   space 4096K, 0% used [0x00000000d7280000,0x00000000d7280000,0x00000000d7680000)
 ParOldGen       total 68608K, used 16K [0x0000000080000000, 0x0000000084300000, 0x00000000d5580000)
  object space 68608K, 0% used [0x0000000080000000,0x0000000080004000,0x0000000084300000)
 Metaspace       used 4319K, committed 4608K, reserved 1114112K
  class space    used 471K, committed 576K, reserved 1048576K
}
Event: 5.814 GC heap before
{Heap before GC invocations=2 (full 0):
 PSYoungGen      total 29696K, used 28917K [0x00000000d5580000, 0x00000000d7680000, 0x0000000100000000)
  eden space 25600K, 100% used [0x00000000d5580000,0x00000000d6e80000,0x00000000d6e80000)
  from space 4096K, 80% used [0x00000000d6e80000,0x00000000d71bd530,0x00000000d7280000)
  to   space 4096K, 0% used [0x00000000d7280000,0x00000000d7280000,0x00000000d7680000)
 ParOldGen       total 68608K, used 16K [0x0000000080000000, 0x0000000084300000, 0x00000000d5580000)
  object space 68608K, 0% used [0x0000000080000000,0x0000000080004000,0x0000000084300000)
 Metaspace       used 8193K, committed 8448K, reserved 1114112K
  class space    used 871K, committed 1024K, reserved 1048576K
}
Event: 5.828 GC heap after
{Heap after GC invocations=2 (full 0):
 PSYoungGen      total 29696K, used 4075K [0x00000000d5580000, 0x00000000d7680000, 0x0000000100000000)
  eden space 25600K, 0% used [0x00000000d5580000,0x00000000d5580000,0x00000000d6e80000)
  from space 4096K, 99% used [0x00000000d7280000,0x00000000d767ac00,0x00000000d7680000)
  to   space 4096K, 0% used [0x00000000d6e80000,0x00000000d6e80000,0x00000000d7280000)
 ParOldGen       total 68608K, used 965K [0x0000000080000000, 0x0000000084300000, 0x00000000d5580000)
  object space 68608K, 1% used [0x0000000080000000,0x00000000800f1450,0x0000000084300000)
 Metaspace       used 8193K, committed 8448K, reserved 1114112K
  class space    used 871K, committed 1024K, reserved 1048576K
}
Event: 7.994 GC heap before
{Heap before GC invocations=3 (full 0):
 PSYoungGen      total 29696K, used 29675K [0x00000000d5580000, 0x00000000d7680000, 0x0000000100000000)
  eden space 25600K, 100% used [0x00000000d5580000,0x00000000d6e80000,0x00000000d6e80000)
  from space 4096K, 99% used [0x00000000d7280000,0x00000000d767ac00,0x00000000d7680000)
  to   space 4096K, 0% used [0x00000000d6e80000,0x00000000d6e80000,0x00000000d7280000)
 ParOldGen       total 68608K, used 965K [0x0000000080000000, 0x0000000084300000, 0x00000000d5580000)
  object space 68608K, 1% used [0x0000000080000000,0x00000000800f1450,0x0000000084300000)
 Metaspace       used 12982K, committed 13504K, reserved 1114112K
  class space    used 1369K, committed 1600K, reserved 1048576K
}
Event: 8.007 GC heap after
{Heap after GC invocations=3 (full 0):
 PSYoungGen      total 29696K, used 4091K [0x00000000d5580000, 0x00000000d7680000, 0x0000000100000000)
  eden space 25600K, 0% used [0x00000000d5580000,0x00000000d5580000,0x00000000d6e80000)
  from space 4096K, 99% used [0x00000000d6e80000,0x00000000d727ede0,0x00000000d7280000)
  to   space 4096K, 0% used [0x00000000d7280000,0x00000000d7280000,0x00000000d7680000)
 ParOldGen       total 68608K, used 2960K [0x0000000080000000, 0x0000000084300000, 0x00000000d5580000)
  object space 68608K, 4% used [0x0000000080000000,0x00000000802e4170,0x0000000084300000)
 Metaspace       used 12982K, committed 13504K, reserved 1114112K
  class space    used 1369K, committed 1600K, reserved 1048576K
}
Event: 9.028 GC heap before
{Heap before GC invocations=4 (full 0):
 PSYoungGen      total 29696K, used 29691K [0x00000000d5580000, 0x00000000d7680000, 0x0000000100000000)
  eden space 25600K, 100% used [0x00000000d5580000,0x00000000d6e80000,0x00000000d6e80000)
  from space 4096K, 99% used [0x00000000d6e80000,0x00000000d727ede0,0x00000000d7280000)
  to   space 4096K, 0% used [0x00000000d7280000,0x00000000d7280000,0x00000000d7680000)
 ParOldGen       total 68608K, used 2960K [0x0000000080000000, 0x0000000084300000, 0x00000000d5580000)
  object space 68608K, 4% used [0x0000000080000000,0x00000000802e4170,0x0000000084300000)
 Metaspace       used 14142K, committed 14720K, reserved 1114112K
  class space    used 1487K, committed 1728K, reserved 1048576K
}
Event: 9.054 GC heap after
{Heap after GC invocations=4 (full 0):
 PSYoungGen      total 29696K, used 4065K [0x00000000d5580000, 0x00000000d7680000, 0x0000000100000000)
  eden space 25600K, 0% used [0x00000000d5580000,0x00000000d5580000,0x00000000d6e80000)
  from space 4096K, 99% used [0x00000000d7280000,0x00000000d7678790,0x00000000d7680000)
  to   space 4096K, 0% used [0x00000000d6e80000,0x00000000d6e80000,0x00000000d7280000)
 ParOldGen       total 68608K, used 14654K [0x0000000080000000, 0x0000000084300000, 0x00000000d5580000)
  object space 68608K, 21% used [0x0000000080000000,0x0000000080e4fa58,0x0000000084300000)
 Metaspace       used 14142K, committed 14720K, reserved 1114112K
  class space    used 1487K, committed 1728K, reserved 1048576K
}
Event: 11.763 GC heap before
{Heap before GC invocations=5 (full 0):
 PSYoungGen      total 29696K, used 29665K [0x00000000d5580000, 0x00000000d7680000, 0x0000000100000000)
  eden space 25600K, 100% used [0x00000000d5580000,0x00000000d6e80000,0x00000000d6e80000)
  from space 4096K, 99% used [0x00000000d7280000,0x00000000d7678790,0x00000000d7680000)
  to   space 4096K, 0% used [0x00000000d6e80000,0x00000000d6e80000,0x00000000d7280000)
 ParOldGen       total 68608K, used 14654K [0x0000000080000000, 0x0000000084300000, 0x00000000d5580000)
  object space 68608K, 21% used [0x0000000080000000,0x0000000080e4fa58,0x0000000084300000)
 Metaspace       used 17135K, committed 17792K, reserved 1114112K
  class space    used 1791K, committed 2112K, reserved 1048576K
}
Event: 11.778 GC heap after
{Heap after GC invocations=5 (full 0):
 PSYoungGen      total 29184K, used 4070K [0x00000000d5580000, 0x00000000d8200000, 0x0000000100000000)
  eden space 25088K, 0% used [0x00000000d5580000,0x00000000d5580000,0x00000000d6e00000)
  from space 4096K, 99% used [0x00000000d6e80000,0x00000000d7279ba8,0x00000000d7280000)
  to   space 10240K, 0% used [0x00000000d7800000,0x00000000d7800000,0x00000000d8200000)
 ParOldGen       total 68608K, used 17636K [0x0000000080000000, 0x0000000084300000, 0x00000000d5580000)
  object space 68608K, 25% used [0x0000000080000000,0x0000000081139108,0x0000000084300000)
 Metaspace       used 17135K, committed 17792K, reserved 1114112K
  class space    used 1791K, committed 2112K, reserved 1048576K
}

Dll operation events (10 events):
Event: 0.037 Loaded shared library c:\Users\LENOVO\.cursor\extensions\redhat.java-1.44.0-win32-x64\jre\21.0.8-win32-x86_64\bin\java.dll
Event: 0.249 Loaded shared library c:\Users\LENOVO\.cursor\extensions\redhat.java-1.44.0-win32-x64\jre\21.0.8-win32-x86_64\bin\zip.dll
Event: 0.310 Loaded shared library C:\Users\LENOVO\.cursor\extensions\redhat.java-1.44.0-win32-x64\jre\21.0.8-win32-x86_64\bin\instrument.dll
Event: 0.331 Loaded shared library C:\Users\LENOVO\.cursor\extensions\redhat.java-1.44.0-win32-x64\jre\21.0.8-win32-x86_64\bin\net.dll
Event: 0.337 Loaded shared library C:\Users\LENOVO\.cursor\extensions\redhat.java-1.44.0-win32-x64\jre\21.0.8-win32-x86_64\bin\nio.dll
Event: 0.348 Loaded shared library C:\Users\LENOVO\.cursor\extensions\redhat.java-1.44.0-win32-x64\jre\21.0.8-win32-x86_64\bin\zip.dll
Event: 0.412 Loaded shared library C:\Users\LENOVO\.cursor\extensions\redhat.java-1.44.0-win32-x64\jre\21.0.8-win32-x86_64\bin\jimage.dll
Event: 0.650 Loaded shared library c:\Users\LENOVO\.cursor\extensions\redhat.java-1.44.0-win32-x64\jre\21.0.8-win32-x86_64\bin\verify.dll
Event: 5.686 Loaded shared library C:\Users\LENOVO\AppData\Roaming\Cursor\User\globalStorage\redhat.java\1.44.0\config_ss_win\org.eclipse.equinox.launcher\org.eclipse.equinox.launcher.win32.win32.x86_64_1.2.1400.v20250730-1736\eclipse_11913.dll
Event: 10.812 Loaded shared library C:\Users\LENOVO\AppData\Local\Temp\jna--2053026509\jna11337990518250180679.dll

Deoptimization events (20 events):
Event: 11.045 Thread 0x0000024185cbc960 Uncommon trap: trap_request=0xffffff45 fr.pc=0x00000241b226cba4 relative=0x0000000000000084
Event: 11.045 Thread 0x0000024185cbc960 Uncommon trap: reason=unstable_if action=reinterpret pc=0x00000241b226cba4 method=java.lang.ref.SoftReference.get()Ljava/lang/Object; @ 6 c2
Event: 11.045 Thread 0x0000024185cbc960 DEOPT PACKING pc=0x00000241b226cba4 sp=0x00000094a18f4840
Event: 11.045 Thread 0x0000024185cbc960 DEOPT UNPACKING pc=0x00000241b1c03aa2 sp=0x00000094a18f47d8 mode 2
Event: 11.353 Thread 0x0000024185cbc960 Uncommon trap: trap_request=0xffffffde fr.pc=0x00000241b2239e94 relative=0x00000000000003b4
Event: 11.353 Thread 0x0000024185cbc960 Uncommon trap: reason=class_check action=maybe_recompile pc=0x00000241b2239e94 method=java.util.regex.Pattern$BmpCharPropertyGreedy.match(Ljava/util/regex/Matcher;ILjava/lang/CharSequence;)Z @ 70 c2
Event: 11.353 Thread 0x0000024185cbc960 DEOPT PACKING pc=0x00000241b2239e94 sp=0x00000094a18ef220
Event: 11.353 Thread 0x0000024185cbc960 DEOPT UNPACKING pc=0x00000241b1c03aa2 sp=0x00000094a18ef1c8 mode 2
Event: 11.353 Thread 0x0000024185cbc960 Uncommon trap: trap_request=0xffffffde fr.pc=0x00000241b2239e94 relative=0x00000000000003b4
Event: 11.353 Thread 0x0000024185cbc960 Uncommon trap: reason=class_check action=maybe_recompile pc=0x00000241b2239e94 method=java.util.regex.Pattern$BmpCharPropertyGreedy.match(Ljava/util/regex/Matcher;ILjava/lang/CharSequence;)Z @ 70 c2
Event: 11.353 Thread 0x0000024185cbc960 DEOPT PACKING pc=0x00000241b2239e94 sp=0x00000094a18ef070
Event: 11.353 Thread 0x0000024185cbc960 DEOPT UNPACKING pc=0x00000241b1c03aa2 sp=0x00000094a18ef018 mode 2
Event: 11.354 Thread 0x0000024185cbc960 Uncommon trap: trap_request=0xffffffde fr.pc=0x00000241b2239e94 relative=0x00000000000003b4
Event: 11.354 Thread 0x0000024185cbc960 Uncommon trap: reason=class_check action=maybe_recompile pc=0x00000241b2239e94 method=java.util.regex.Pattern$BmpCharPropertyGreedy.match(Ljava/util/regex/Matcher;ILjava/lang/CharSequence;)Z @ 70 c2
Event: 11.354 Thread 0x0000024185cbc960 DEOPT PACKING pc=0x00000241b2239e94 sp=0x00000094a18ef230
Event: 11.354 Thread 0x0000024185cbc960 DEOPT UNPACKING pc=0x00000241b1c03aa2 sp=0x00000094a18ef1d8 mode 2
Event: 11.354 Thread 0x0000024185cbc960 Uncommon trap: trap_request=0xffffffde fr.pc=0x00000241b2239e94 relative=0x00000000000003b4
Event: 11.354 Thread 0x0000024185cbc960 Uncommon trap: reason=class_check action=maybe_recompile pc=0x00000241b2239e94 method=java.util.regex.Pattern$BmpCharPropertyGreedy.match(Ljava/util/regex/Matcher;ILjava/lang/CharSequence;)Z @ 70 c2
Event: 11.354 Thread 0x0000024185cbc960 DEOPT PACKING pc=0x00000241b2239e94 sp=0x00000094a18ef080
Event: 11.354 Thread 0x0000024185cbc960 DEOPT UNPACKING pc=0x00000241b1c03aa2 sp=0x00000094a18ef028 mode 2

Classes loaded (20 events):
Event: 11.363 Loading class java/io/StringReader
Event: 11.364 Loading class java/io/StringReader done
Event: 11.419 Loading class java/util/zip/GZIPInputStream
Event: 11.420 Loading class java/util/zip/GZIPInputStream done
Event: 11.437 Loading class java/net/SocketTimeoutException
Event: 11.438 Loading class java/io/InterruptedIOException
Event: 11.438 Loading class java/io/InterruptedIOException done
Event: 11.438 Loading class java/net/SocketTimeoutException done
Event: 11.438 Loading class java/net/SocketException
Event: 11.438 Loading class java/net/SocketException done
Event: 11.438 Loading class java/net/UnknownHostException
Event: 11.439 Loading class java/net/UnknownHostException done
Event: 11.439 Loading class java/net/ProtocolException
Event: 11.439 Loading class java/net/ProtocolException done
Event: 11.502 Loading class java/lang/ThreadLocal$SuppliedThreadLocal
Event: 11.502 Loading class java/lang/ThreadLocal$SuppliedThreadLocal done
Event: 11.534 Loading class java/io/FileWriter
Event: 11.534 Loading class java/io/FileWriter done
Event: 11.578 Loading class java/lang/NegativeArraySizeException
Event: 11.578 Loading class java/lang/NegativeArraySizeException done

Classes unloaded (0 events):
No events

Classes redefined (0 events):
No events

Internal exceptions (20 events):
Event: 10.892 Thread 0x0000024185cbc960 Exception <a 'java/lang/NoSuchMethodError'{0x00000000d5e5a7f0}: 'void java.lang.invoke.DirectMethodHandle$Holder.invokeSpecial(java.lang.Object, java.lang.Object, java.lang.Object, int)'> (0x00000000d5e5a7f0) 
thrown [s\src\hotspot\share\interpreter\linkResolver.cpp, line 773]
Event: 10.893 Thread 0x0000024185cbc960 Exception <a 'java/lang/NoSuchMethodError'{0x00000000d5e5e430}: 'void java.lang.invoke.DelegatingMethodHandle$Holder.reinvoke_L(java.lang.Object, java.lang.Object, int)'> (0x00000000d5e5e430) 
thrown [s\src\hotspot\share\interpreter\linkResolver.cpp, line 773]
Event: 10.896 Thread 0x0000024185cbc960 Exception <a 'java/lang/NoSuchMethodError'{0x00000000d5e653c8}: 'int java.lang.invoke.Invokers$Holder.invokeExact_MT(java.lang.Object, java.lang.Object, java.lang.Object)'> (0x00000000d5e653c8) 
thrown [s\src\hotspot\share\interpreter\linkResolver.cpp, line 773]
Event: 10.957 Thread 0x0000024185cbc960 Exception <a 'java/lang/NoSuchMethodError'{0x00000000d5f704b8}: 'void java.lang.invoke.Invokers$Holder.invokeExact_MT(java.lang.Object, java.lang.Object, int, java.lang.Object)'> (0x00000000d5f704b8) 
thrown [s\src\hotspot\share\interpreter\linkResolver.cpp, line 773]
Event: 11.021 Thread 0x0000024185cbc960 Exception <a 'java/lang/NoSuchMethodError'{0x00000000d6059b28}: 'java.lang.Object java.lang.invoke.DirectMethodHandle$Holder.invokeSpecial(java.lang.Object, java.lang.Object, java.lang.Object, long, java.lang.Object)'> (0x00000000d6059b28) 
thrown [s\src\hotspot\share\interpreter\linkResolver.cpp, line 773]
Event: 11.024 Thread 0x0000024185cbc960 Exception <a 'java/lang/NoSuchMethodError'{0x00000000d6061370}: 'java.lang.Object java.lang.invoke.DirectMethodHandle$Holder.newInvokeSpecial(java.lang.Object, java.lang.Object, java.lang.Object, long)'> (0x00000000d6061370) 
thrown [s\src\hotspot\share\interpreter\linkResolver.cpp, line 773]
Event: 11.026 Thread 0x0000024185cbc960 Exception <a 'java/lang/NoSuchMethodError'{0x00000000d6065760}: 'java.lang.Object java.lang.invoke.DirectMethodHandle$Holder.invokeSpecial(java.lang.Object, java.lang.Object, java.lang.Object, java.lang.Object, long)'> (0x00000000d6065760) 
thrown [s\src\hotspot\share\interpreter\linkResolver.cpp, line 773]
Event: 11.028 Thread 0x0000024185cbc960 Exception <a 'java/lang/NoSuchMethodError'{0x00000000d6069380}: 'java.lang.Object java.lang.invoke.Invokers$Holder.linkToTargetMethod(java.lang.Object, java.lang.Object, long, java.lang.Object)'> (0x00000000d6069380) 
thrown [s\src\hotspot\share\interpreter\linkResolver.cpp, line 773]
Event: 11.050 Thread 0x0000024185cbc960 Exception <a 'java/lang/NoSuchMethodError'{0x00000000d60db0b0}: 'int java.lang.invoke.DirectMethodHandle$Holder.invokeStaticInit(java.lang.Object, java.lang.Object, java.lang.Object)'> (0x00000000d60db0b0) 
thrown [s\src\hotspot\share\interpreter\linkResolver.cpp, line 773]
Event: 11.082 Thread 0x0000024185cbc960 Exception <a 'java/lang/IncompatibleClassChangeError'{0x00000000d615cf98}: Found class java.lang.Object, but interface was expected> (0x00000000d615cf98) 
thrown [s\src\hotspot\share\interpreter\linkResolver.cpp, line 840]
Event: 11.098 Thread 0x0000024185cbc960 Exception <a 'java/lang/NoSuchMethodError'{0x00000000d6172f30}: 'java.lang.Object java.lang.invoke.DirectMethodHandle$Holder.invokeSpecial(java.lang.Object, java.lang.Object, java.lang.Object, int, java.lang.Object, java.lang.Object)'> (0x00000000d6172f30) 
thrown [s\src\hotspot\share\interpreter\linkResolver.cpp, line 773]
Event: 11.101 Thread 0x0000024185cbc960 Exception <a 'java/lang/NoSuchMethodError'{0x00000000d617aa08}: 'java.lang.Object java.lang.invoke.DirectMethodHandle$Holder.newInvokeSpecial(java.lang.Object, java.lang.Object, java.lang.Object, int, java.lang.Object)'> (0x00000000d617aa08) 
thrown [s\src\hotspot\share\interpreter\linkResolver.cpp, line 773]
Event: 11.102 Thread 0x0000024185cbc960 Exception <a 'java/lang/NoSuchMethodError'{0x00000000d617e9c8}: 'java.lang.Object java.lang.invoke.DirectMethodHandle$Holder.invokeSpecial(java.lang.Object, java.lang.Object, java.lang.Object, java.lang.Object, int, java.lang.Object)'> (0x00000000d617e9c8) 
thrown [s\src\hotspot\share\interpreter\linkResolver.cpp, line 773]
Event: 11.103 Thread 0x0000024185cbc960 Exception <a 'java/lang/NoSuchMethodError'{0x00000000d6182508}: 'java.lang.Object java.lang.invoke.Invokers$Holder.linkToTargetMethod(java.lang.Object, java.lang.Object, int, java.lang.Object, java.lang.Object)'> (0x00000000d6182508) 
thrown [s\src\hotspot\share\interpreter\linkResolver.cpp, line 773]
Event: 11.104 Thread 0x00000241862a3970 Exception <a 'java/lang/NoSuchMethodError'{0x00000000d6094840}: 'java.lang.Object java.lang.invoke.DirectMethodHandle$Holder.invokeSpecial(java.lang.Object, java.lang.Object, int, java.lang.Object, java.lang.Object)'> (0x00000000d6094840) 
thrown [s\src\hotspot\share\interpreter\linkResolver.cpp, line 773]
Event: 11.108 Thread 0x00000241862a3970 Exception <a 'java/lang/NoSuchMethodError'{0x00000000d609b578}: 'java.lang.Object java.lang.invoke.DirectMethodHandle$Holder.newInvokeSpecial(java.lang.Object, java.lang.Object, int, java.lang.Object)'> (0x00000000d609b578) 
thrown [s\src\hotspot\share\interpreter\linkResolver.cpp, line 773]
Event: 11.110 Thread 0x00000241862a3970 Exception <a 'java/lang/NoSuchMethodError'{0x00000000d609ee98}: 'java.lang.Object java.lang.invoke.DirectMethodHandle$Holder.invokeSpecial(java.lang.Object, java.lang.Object, java.lang.Object, int, java.lang.Object)'> (0x00000000d609ee98) 
thrown [s\src\hotspot\share\interpreter\linkResolver.cpp, line 773]
Event: 11.170 Thread 0x0000024185cbc960 Exception <a 'java/lang/NoSuchMethodError'{0x00000000d62a1130}: 'void java.lang.invoke.DirectMethodHandle$Holder.invokeSpecial(java.lang.Object, java.lang.Object, java.lang.Object, java.lang.Object, java.lang.Object)'> (0x00000000d62a1130) 
thrown [s\src\hotspot\share\interpreter\linkResolver.cpp, line 773]
Event: 11.268 Thread 0x0000024185cbc960 Exception <a 'java/lang/NoSuchMethodError'{0x00000000d63cf9c0}: 'double java.lang.invoke.DirectMethodHandle$Holder.invokeStatic(java.lang.Object, java.lang.Object)'> (0x00000000d63cf9c0) 
thrown [s\src\hotspot\share\interpreter\linkResolver.cpp, line 773]
Event: 11.269 Thread 0x0000024185cbc960 Exception <a 'java/lang/NoSuchMethodError'{0x00000000d63d3080}: 'double java.lang.invoke.DirectMethodHandle$Holder.invokeStaticInit(java.lang.Object, java.lang.Object)'> (0x00000000d63d3080) 
thrown [s\src\hotspot\share\interpreter\linkResolver.cpp, line 773]

ZGC Phase Switch (0 events):
No events

VM Operations (20 events):
Event: 7.994 Executing VM operation: ParallelGCFailedAllocation (Allocation Failure)
Event: 8.007 Executing VM operation: ParallelGCFailedAllocation (Allocation Failure) done
Event: 8.269 Executing VM operation: HandshakeAllThreads (Deoptimize)
Event: 8.269 Executing VM operation: HandshakeAllThreads (Deoptimize) done
Event: 8.290 Executing VM operation: HandshakeAllThreads (Deoptimize)
Event: 8.290 Executing VM operation: HandshakeAllThreads (Deoptimize) done
Event: 8.341 Executing VM operation: HandshakeAllThreads (Deoptimize)
Event: 8.341 Executing VM operation: HandshakeAllThreads (Deoptimize) done
Event: 9.028 Executing VM operation: ParallelGCFailedAllocation (Allocation Failure)
Event: 9.054 Executing VM operation: ParallelGCFailedAllocation (Allocation Failure) done
Event: 9.548 Executing VM operation: HandshakeAllThreads (Deoptimize)
Event: 9.549 Executing VM operation: HandshakeAllThreads (Deoptimize) done
Event: 10.549 Executing VM operation: Cleanup
Event: 10.549 Executing VM operation: Cleanup done
Event: 10.838 Executing VM operation: HandshakeAllThreads (Deoptimize)
Event: 10.838 Executing VM operation: HandshakeAllThreads (Deoptimize) done
Event: 11.763 Executing VM operation: ParallelGCFailedAllocation (Allocation Failure)
Event: 11.779 Executing VM operation: ParallelGCFailedAllocation (Allocation Failure) done
Event: 12.779 Executing VM operation: Cleanup
Event: 12.780 Executing VM operation: Cleanup done

Memory protections (0 events):
No events

Nmethod flushes (0 events):
No events

Events (20 events):
Event: 0.135 Thread 0x00000241a748a960 Thread added: 0x0000024185045010
Event: 0.191 Thread 0x00000241a748a960 Thread added: 0x0000024185131770
Event: 0.273 Thread 0x0000024185045010 Thread added: 0x0000024185217320
Event: 0.745 Thread 0x0000024185217320 Thread exited: 0x0000024185217320
Event: 1.103 Thread 0x00000241a748a960 Thread added: 0x00000241853f6040
Event: 1.520 Thread 0x0000024185045010 Thread added: 0x00000241854bc8f0
Event: 2.661 Thread 0x00000241854bc8f0 Thread exited: 0x00000241854bc8f0
Event: 4.905 Thread 0x00000241a748a960 Thread added: 0x0000024185b079c0
Event: 5.642 Thread 0x00000241a748a960 Thread added: 0x0000024185cf0710
Event: 5.658 Thread 0x00000241a748a960 Thread added: 0x0000024185cbc960
Event: 5.863 Thread 0x0000024185cbc960 Thread added: 0x0000024185bb1f80
Event: 6.351 Thread 0x0000024185cbc960 Thread added: 0x0000024185c2c880
Event: 7.603 Thread 0x0000024185cbc960 Thread added: 0x00000241852a5150
Event: 9.794 Thread 0x0000024185045010 Thread added: 0x0000024185b2b450
Event: 10.630 Thread 0x0000024185b2b450 Thread exited: 0x0000024185b2b450
Event: 10.918 Thread 0x0000024185cbc960 Thread added: 0x0000024185f3f230
Event: 11.035 Thread 0x0000024185cbc960 Thread added: 0x00000241862a3970
Event: 11.107 Thread 0x0000024185cbc960 Thread added: 0x0000024187849420
Event: 11.633 Thread 0x0000024185045010 Thread added: 0x0000024185506400
Event: 11.994 Thread 0x0000024185506400 Thread exited: 0x0000024185506400


Dynamic libraries:
0x00007ff78b5e0000 - 0x00007ff78b5ee000 	c:\Users\LENOVO\.cursor\extensions\redhat.java-1.44.0-win32-x64\jre\21.0.8-win32-x86_64\bin\java.exe
0x00007ffc0eea0000 - 0x00007ffc0f107000 	C:\WINDOWS\SYSTEM32\ntdll.dll
0x00007ffc0e9a0000 - 0x00007ffc0ea69000 	C:\WINDOWS\System32\KERNEL32.DLL
0x00007ffc0c370000 - 0x00007ffc0c760000 	C:\WINDOWS\System32\KERNELBASE.dll
0x00007ffc0c810000 - 0x00007ffc0c95b000 	C:\WINDOWS\System32\ucrtbase.dll
0x00007ffba19c0000 - 0x00007ffba19de000 	c:\Users\LENOVO\.cursor\extensions\redhat.java-1.44.0-win32-x64\jre\21.0.8-win32-x86_64\bin\VCRUNTIME140.dll
0x00007ffba19e0000 - 0x00007ffba19f8000 	c:\Users\LENOVO\.cursor\extensions\redhat.java-1.44.0-win32-x64\jre\21.0.8-win32-x86_64\bin\jli.dll
0x00007ffc0de40000 - 0x00007ffc0e005000 	C:\WINDOWS\System32\USER32.dll
0x00007ffc0bfd0000 - 0x00007ffc0bff7000 	C:\WINDOWS\System32\win32u.dll
0x00007ffbf7560000 - 0x00007ffbf77fa000 	C:\WINDOWS\WinSxS\amd64_microsoft.windows.common-controls_6595b64144ccf1df_6.0.26100.4768_none_3e0c112ce331287c\COMCTL32.dll
0x00007ffc0ee30000 - 0x00007ffc0ee5b000 	C:\WINDOWS\System32\GDI32.dll
0x00007ffc0c0b0000 - 0x00007ffc0c1e8000 	C:\WINDOWS\System32\gdi32full.dll
0x00007ffc0c000000 - 0x00007ffc0c0a3000 	C:\WINDOWS\System32\msvcp_win.dll
0x00007ffc0d3d0000 - 0x00007ffc0d479000 	C:\WINDOWS\System32\msvcrt.dll
0x00007ffc0ea80000 - 0x00007ffc0eaaf000 	C:\WINDOWS\System32\IMM32.DLL
0x00007ffbfb230000 - 0x00007ffbfb23c000 	c:\Users\LENOVO\.cursor\extensions\redhat.java-1.44.0-win32-x64\jre\21.0.8-win32-x86_64\bin\vcruntime140_1.dll
0x00007ffb52c00000 - 0x00007ffb52c8d000 	c:\Users\LENOVO\.cursor\extensions\redhat.java-1.44.0-win32-x64\jre\21.0.8-win32-x86_64\bin\msvcp140.dll
0x00007ffb26e80000 - 0x00007ffb27c17000 	c:\Users\LENOVO\.cursor\extensions\redhat.java-1.44.0-win32-x64\jre\21.0.8-win32-x86_64\bin\server\jvm.dll
0x00007ffc0d1f0000 - 0x00007ffc0d2a4000 	C:\WINDOWS\System32\ADVAPI32.dll
0x00007ffc0e560000 - 0x00007ffc0e606000 	C:\WINDOWS\System32\sechost.dll
0x00007ffc0d2b0000 - 0x00007ffc0d3c8000 	C:\WINDOWS\System32\RPCRT4.dll
0x00007ffc0eac0000 - 0x00007ffc0eb34000 	C:\WINDOWS\System32\WS2_32.dll
0x00007ffc0be30000 - 0x00007ffc0be8e000 	C:\WINDOWS\SYSTEM32\POWRPROF.dll
0x00007ffc051c0000 - 0x00007ffc051f5000 	C:\WINDOWS\SYSTEM32\WINMM.dll
0x00007ffc05250000 - 0x00007ffc0525b000 	C:\WINDOWS\SYSTEM32\VERSION.dll
0x00007ffc0be10000 - 0x00007ffc0be24000 	C:\WINDOWS\SYSTEM32\UMPDC.dll
0x00007ffc0ad10000 - 0x00007ffc0ad2b000 	C:\WINDOWS\SYSTEM32\kernel.appcore.dll
0x00007ffbfb190000 - 0x00007ffbfb19a000 	c:\Users\LENOVO\.cursor\extensions\redhat.java-1.44.0-win32-x64\jre\21.0.8-win32-x86_64\bin\jimage.dll
0x00007ffbfe9a0000 - 0x00007ffbfebe1000 	C:\WINDOWS\SYSTEM32\DBGHELP.DLL
0x00007ffc0e610000 - 0x00007ffc0e995000 	C:\WINDOWS\System32\combase.dll
0x00007ffc0e010000 - 0x00007ffc0e0f0000 	C:\WINDOWS\System32\OLEAUT32.dll
0x00007ffbf89d0000 - 0x00007ffbf8a13000 	C:\WINDOWS\SYSTEM32\dbgcore.DLL
0x00007ffc0c770000 - 0x00007ffc0c809000 	C:\WINDOWS\System32\bcryptPrimitives.dll
0x00007ffbeda60000 - 0x00007ffbeda6f000 	c:\Users\LENOVO\.cursor\extensions\redhat.java-1.44.0-win32-x64\jre\21.0.8-win32-x86_64\bin\instrument.dll
0x00007ffb47ca0000 - 0x00007ffb47cbf000 	c:\Users\LENOVO\.cursor\extensions\redhat.java-1.44.0-win32-x64\jre\21.0.8-win32-x86_64\bin\java.dll
0x00007ffc0d480000 - 0x00007ffc0dbcd000 	C:\WINDOWS\System32\SHELL32.dll
0x00007ffc0cab0000 - 0x00007ffc0cc23000 	C:\WINDOWS\System32\wintypes.dll
0x00007ffc09b90000 - 0x00007ffc0a3ef000 	C:\WINDOWS\SYSTEM32\windows.storage.dll
0x00007ffc0ec30000 - 0x00007ffc0ed25000 	C:\WINDOWS\System32\SHCORE.dll
0x00007ffc0ddd0000 - 0x00007ffc0de3a000 	C:\WINDOWS\System32\shlwapi.dll
0x00007ffc0bef0000 - 0x00007ffc0bf19000 	C:\WINDOWS\SYSTEM32\profapi.dll
0x00007ffb47c80000 - 0x00007ffb47c98000 	c:\Users\LENOVO\.cursor\extensions\redhat.java-1.44.0-win32-x64\jre\21.0.8-win32-x86_64\bin\zip.dll
0x00007ffbee930000 - 0x00007ffbee940000 	C:\Users\LENOVO\.cursor\extensions\redhat.java-1.44.0-win32-x64\jre\21.0.8-win32-x86_64\bin\net.dll
0x00007ffc021b0000 - 0x00007ffc022ce000 	C:\WINDOWS\SYSTEM32\WINHTTP.dll
0x00007ffc0b280000 - 0x00007ffc0b2eb000 	C:\WINDOWS\system32\mswsock.dll
0x00007ffb47c60000 - 0x00007ffb47c76000 	C:\Users\LENOVO\.cursor\extensions\redhat.java-1.44.0-win32-x64\jre\21.0.8-win32-x86_64\bin\nio.dll
0x00007ffbbdb90000 - 0x00007ffbbdba0000 	c:\Users\LENOVO\.cursor\extensions\redhat.java-1.44.0-win32-x64\jre\21.0.8-win32-x86_64\bin\verify.dll
0x00007ffb2fd50000 - 0x00007ffb2fd95000 	C:\Users\LENOVO\AppData\Roaming\Cursor\User\globalStorage\redhat.java\1.44.0\config_ss_win\org.eclipse.equinox.launcher\org.eclipse.equinox.launcher.win32.win32.x86_64_1.2.1400.v20250730-1736\eclipse_11913.dll
0x00007ffc0e3b0000 - 0x00007ffc0e550000 	C:\WINDOWS\System32\ole32.dll
0x00007ffc0b660000 - 0x00007ffc0b67b000 	C:\WINDOWS\SYSTEM32\CRYPTSP.dll
0x00007ffc0ac70000 - 0x00007ffc0acab000 	C:\WINDOWS\system32\rsaenh.dll
0x00007ffc0b320000 - 0x00007ffc0b34b000 	C:\WINDOWS\SYSTEM32\USERENV.dll
0x00007ffc0bec0000 - 0x00007ffc0bee6000 	C:\WINDOWS\SYSTEM32\bcrypt.dll
0x00007ffc0b4c0000 - 0x00007ffc0b4cc000 	C:\WINDOWS\SYSTEM32\CRYPTBASE.dll
0x00007ffc0a700000 - 0x00007ffc0a733000 	C:\WINDOWS\SYSTEM32\IPHLPAPI.DLL
0x00007ffc0cc30000 - 0x00007ffc0cc3a000 	C:\WINDOWS\System32\NSI.dll
0x00007ffb47a00000 - 0x00007ffb47a49000 	C:\Users\LENOVO\AppData\Local\Temp\jna--2053026509\jna11337990518250180679.dll
0x00007ffc0e100000 - 0x00007ffc0e108000 	C:\WINDOWS\System32\PSAPI.DLL

JVMTI agents:
c:\Users\LENOVO\.cursor\extensions\redhat.java-1.44.0-win32-x64\lombok\lombok-1.18.39-4050.jar path:c:\Users\LENOVO\.cursor\extensions\redhat.java-1.44.0-win32-x64\jre\21.0.8-win32-x86_64\bin\instrument.dll, loaded, initialized, instrumentlib options:none

dbghelp: loaded successfully - version: 4.0.5 - missing functions: none
symbol engine: initialized successfully - sym options: 0x614 - pdb path: .;c:\Users\LENOVO\.cursor\extensions\redhat.java-1.44.0-win32-x64\jre\21.0.8-win32-x86_64\bin;C:\WINDOWS\SYSTEM32;C:\WINDOWS\WinSxS\amd64_microsoft.windows.common-controls_6595b64144ccf1df_6.0.26100.4768_none_3e0c112ce331287c;c:\Users\LENOVO\.cursor\extensions\redhat.java-1.44.0-win32-x64\jre\21.0.8-win32-x86_64\bin\server;C:\Users\LENOVO\AppData\Roaming\Cursor\User\globalStorage\redhat.java\1.44.0\config_ss_win\org.eclipse.equinox.launcher\org.eclipse.equinox.launcher.win32.win32.x86_64_1.2.1400.v20250730-1736;C:\Users\LENOVO\AppData\Local\Temp\jna--2053026509

VM Arguments:
jvm_args: --add-modules=ALL-SYSTEM --add-opens=java.base/java.util=ALL-UNNAMED --add-opens=java.base/java.lang=ALL-UNNAMED --add-opens=java.base/sun.nio.fs=ALL-UNNAMED -Declipse.application=org.eclipse.jdt.ls.core.id1 -Dosgi.bundles.defaultStartLevel=4 -Declipse.product=org.eclipse.jdt.ls.core.product -Djava.import.generatesMetadataFilesAtProjectRoot=false -DDetectVMInstallationsJob.disabled=true -Dfile.encoding=utf8 -XX:+UseParallelGC -XX:GCTimeRatio=4 -XX:AdaptiveSizePolicyWeight=90 -Dsun.zip.disableMemoryMapping=true -Xmx2G -Xms100m -Xlog:disable -javaagent:c:\Users\LENOVO\.cursor\extensions\redhat.java-1.44.0-win32-x64\lombok\lombok-1.18.39-4050.jar 
java_command: c:\Users\LENOVO\.cursor\extensions\redhat.java-1.44.0-win32-x64\server\plugins\org.eclipse.equinox.launcher_1.7.0.v20250519-0528.jar -configuration c:\Users\LENOVO\AppData\Roaming\Cursor\User\globalStorage\redhat.java\1.44.0\config_ss_win -data c:\Users\LENOVO\AppData\Roaming\Cursor\User\workspaceStorage\1baef6df04993292a9366d1574bcb784\redhat.java\ss_ws --pipe=\\.\pipe\lsp-a4f032cca7b36f5b24da6f945753d02f-sock
java_class_path (initial): c:\Users\LENOVO\.cursor\extensions\redhat.java-1.44.0-win32-x64\server\plugins\org.eclipse.equinox.launcher_1.7.0.v20250519-0528.jar
Launcher Type: SUN_STANDARD

[Global flags]
    uintx AdaptiveSizePolicyWeight                 = 90                                        {product} {command line}
     intx CICompilerCount                          = 4                                         {product} {ergonomic}
    uintx GCTimeRatio                              = 4                                         {product} {command line}
   size_t InitialHeapSize                          = 104857600                                 {product} {command line}
   size_t MaxHeapSize                              = 2147483648                                {product} {command line}
   size_t MaxNewSize                               = 715653120                                 {product} {ergonomic}
   size_t MinHeapDeltaBytes                        = 524288                                    {product} {ergonomic}
   size_t MinHeapSize                              = 104857600                                 {product} {command line}
   size_t NewSize                                  = 34603008                                  {product} {ergonomic}
    uintx NonNMethodCodeHeapSize                   = 5839372                                {pd product} {ergonomic}
    uintx NonProfiledCodeHeapSize                  = 122909434                              {pd product} {ergonomic}
   size_t OldSize                                  = 70254592                                  {product} {ergonomic}
    uintx ProfiledCodeHeapSize                     = 122909434                              {pd product} {ergonomic}
    uintx ReservedCodeCacheSize                    = 251658240                              {pd product} {ergonomic}
     bool SegmentedCodeCache                       = true                                      {product} {ergonomic}
   size_t SoftMaxHeapSize                          = 2147483648                             {manageable} {ergonomic}
     bool UseCompressedOops                        = true                           {product lp64_product} {ergonomic}
     bool UseLargePagesIndividualAllocation        = false                                  {pd product} {ergonomic}
     bool UseParallelGC                            = true                                      {product} {command line}

Logging:
Log output configuration:
 #0: stdout all=off uptime,level,tags foldmultilines=false
 #1: stderr all=off uptime,level,tags foldmultilines=false

Environment Variables:
JAVA_HOME=C:\Program Files\Eclipse Adoptium\jdk-17.0.12.7-hotspot\
PATH=C:\Program Files\Git\cmd;C:\Program Files\nodejs\;C:\Users\LENOVO\AppData\Roaming\npm;C:\Program Files\nodejs\;C:\Users\LENOVO\Downloads\apache-maven-3.9.9-bin\apache-maven-3.9.9\bin;C:\Users\LENOVO\AppData\Local\Programs\cursor\resources\app\bin;C:\Users\LENOVO\AppData\Local\Programs\Microsoft VS Code\bin;C:\Users\LENOVO\AppData\Roaming\npm;C:\Windows\System32;C:\Program Files\Microsoft SQL Server\Client SDK\ODBC\170\Tools\Binn\;C:\Program Files\dotnet\;C:\Program Files\Microsoft SQL Server\Client SDK\ODBC\130\Tools\Binn\;C:\Program Files\Microsoft SQL Server\150\Tools\Binn\;C:\Users\LENOVO\Downloads\apache-maven-3.9.9-bin\apache-maven-3.9.9\bin;C:\Users\LENOVO\AppData\Roaming\npm;C:\Users\LENOVO\AppData\Local\Programs\Microsoft VS Code\bin;C:\Users\LENOVO\.dotnet\tools;C:\Users\LENOVO\AppData\Local\Programs\Windsurf\bin;C:\Users\LENOVO\AppData\Local\Programs\cursor\resources\app\bin
USERNAME=LENOVO
OS=Windows_NT
PROCESSOR_IDENTIFIER=AMD64 Family 23 Model 104 Stepping 1, AuthenticAMD
TMP=C:\Users\LENOVO\AppData\Local\Temp
TEMP=C:\Users\LENOVO\AppData\Local\Temp




Periodic native trim disabled

---------------  S Y S T E M  ---------------

OS:
 Windows 11 , 64 bit Build 26100 (10.0.26100.4768)
OS uptime: 0 days 2:17 hours
Hyper-V role detected

CPU: total 12 (initial active 12) (12 cores per cpu, 2 threads per core) family 23 model 104 stepping 1 microcode 0x8608109, cx8, cmov, fxsr, ht, mmx, 3dnowpref, sse, sse2, sse3, ssse3, sse4a, sse4.1, sse4.2, popcnt, lzcnt, tsc, tscinvbit, avx, avx2, aes, clmul, bmi1, bmi2, adx, sha, fma, vzeroupper, clflush, clflushopt, hv, rdtscp, rdpid, f16c
Processor Information for the first 12 processors :
  Max Mhz: 2100, Current Mhz: 1700, Mhz Limit: 2100

Memory: 4k page, system-wide physical 5989M (382M free)
TotalPageFile size 24421M (AvailPageFile size 0M)
current process WorkingSet (physical memory assigned to process): 141M, peak: 149M
current process commit charge ("private bytes"): 288M, peak: 288M

vm_info: OpenJDK 64-Bit Server VM (21.0.8+9-LTS) for windows-amd64 JRE (21.0.8+9-LTS), built on 2025-07-15T00:00:00Z by "admin" with MS VC++ 17.7 (VS2022)

END.
