#
# There is insufficient memory for the Java Runtime Environment to continue.
# Native memory allocation (malloc) failed to allocate 32744 bytes. Error detail: Chunk::new
# Possible reasons:
#   The system is out of physical RAM or swap space
#   This process is running with CompressedOops enabled, and the Java Heap may be blocking the growth of the native heap
# Possible solutions:
#   Reduce memory load on the system
#   Increase physical memory or swap space
#   Check if swap backing store is full
#   Decrease Java heap size (-Xmx/-Xms)
#   Decrease number of Java threads
#   Decrease Java thread stack sizes (-Xss)
#   Set larger code cache with -XX:ReservedCodeCacheSize=
#   JVM is running with Unscaled Compressed Oops mode in which the Java heap is
#     placed in the first 4GB address space. The Java Heap base address is the
#     maximum limit for the native heap growth. Please use -XX:HeapBaseMinAddress
#     to set the Java Heap base and to place the Java Heap above 4GB virtual address.
# This output file may be truncated or incomplete.
#
#  Out of Memory Error (arena.cpp:168), pid=26076, tid=26120
#
# JRE version: OpenJDK Runtime Environment Temurin-21.0.8+9 (21.0.8+9) (build 21.0.8+9-LTS)
# Java VM: OpenJDK 64-Bit Server VM Temurin-21.0.8+9 (21.0.8+9-LTS, mixed mode, sharing, tiered, compressed oops, compressed class ptrs, parallel gc, windows-amd64)
# No core dump will be written. Minidumps are not enabled by default on client versions of Windows
#

---------------  S U M M A R Y ------------

Command Line: --add-modules=ALL-SYSTEM --add-opens=java.base/java.util=ALL-UNNAMED --add-opens=java.base/java.lang=ALL-UNNAMED --add-opens=java.base/sun.nio.fs=ALL-UNNAMED -Declipse.application=org.eclipse.jdt.ls.core.id1 -Dosgi.bundles.defaultStartLevel=4 -Declipse.product=org.eclipse.jdt.ls.core.product -Djava.import.generatesMetadataFilesAtProjectRoot=false -DDetectVMInstallationsJob.disabled=true -Dfile.encoding=utf8 -XX:+UseParallelGC -XX:GCTimeRatio=4 -XX:AdaptiveSizePolicyWeight=90 -Dsun.zip.disableMemoryMapping=true -Xmx2G -Xms100m -Xlog:disable -javaagent:c:\Users\LENOVO\.cursor\extensions\redhat.java-1.44.0-win32-x64\lombok\lombok-1.18.39-4050.jar -XX:+HeapDumpOnOutOfMemoryError -XX:HeapDumpPath=c:\Users\LENOVO\AppData\Roaming\Cursor\User\workspaceStorage\1baef6df04993292a9366d1574bcb784\redhat.java -Daether.dependencyCollector.impl=bf c:\Users\LENOVO\.cursor\extensions\redhat.java-1.44.0-win32-x64\server\plugins\org.eclipse.equinox.launcher_1.7.0.v20250519-0528.jar -configuration c:\Users\LENOVO\AppData\Roaming\Cursor\User\globalStorage\redhat.java\1.44.0\config_win -data c:\Users\LENOVO\AppData\Roaming\Cursor\User\workspaceStorage\1baef6df04993292a9366d1574bcb784\redhat.java\jdt_ws --pipe=\\.\pipe\lsp-0d9654277b7c7c4b9b89329c8431c40b-sock

Host: AMD Ryzen 5 5500U with Radeon Graphics         , 12 cores, 5G,  Windows 11 , 64 bit Build 26100 (10.0.26100.4768)
Time: Sat Aug  9 20:42:39 2025 India Standard Time elapsed time: 99.975913 seconds (0d 0h 1m 39s)

---------------  T H R E A D  ---------------

Current thread (0x000002397d2ecc80):  JavaThread "C2 CompilerThread0" daemon [_thread_in_native, id=26120, stack(0x000000d7f9a00000,0x000000d7f9b00000) (1024K)]


Current CompileTask:
C2:99976 13129       4       org.eclipse.jdt.internal.compiler.parser.Scanner::internalScanIdentifierOrKeyword (5041 bytes)

Stack: [0x000000d7f9a00000,0x000000d7f9b00000]
Native frames: (J=compiled Java code, j=interpreted, Vv=VM code, C=native code)
V  [jvm.dll+0x6d2449]
V  [jvm.dll+0x8ae341]
V  [jvm.dll+0x8b08be]
V  [jvm.dll+0x8b0fa3]
V  [jvm.dll+0x280c96]
V  [jvm.dll+0xc581d]
V  [jvm.dll+0xc5d53]
V  [jvm.dll+0xc5945]
V  [jvm.dll+0x6ad73c]
V  [jvm.dll+0x3862aa]
V  [jvm.dll+0x38772a]
V  [jvm.dll+0x38511a]
V  [jvm.dll+0x38477a]
V  [jvm.dll+0x248ed0]
V  [jvm.dll+0x2484af]
V  [jvm.dll+0x1c89ee]
V  [jvm.dll+0x257d4d]
V  [jvm.dll+0x2562ea]
V  [jvm.dll+0x3f2d16]
V  [jvm.dll+0x857e6b]
V  [jvm.dll+0x6d0b0d]
C  [ucrtbase.dll+0x37b0]
C  [KERNEL32.DLL+0x2e8d7]
C  [ntdll.dll+0x3c34c]


---------------  P R O C E S S  ---------------

Threads class SMR info:
_java_thread_list=0x000002395ce978e0, length=77, elements={
0x000002397985e040, 0x000002397991d200, 0x000002397991e010, 0x000002397d2e72f0,
0x000002397d2e8070, 0x000002397d2eb100, 0x000002397d2ebf00, 0x000002397d2ecc80,
0x000002397d2ef720, 0x000002397e73f3d0, 0x000002397e9c8e10, 0x000002397fb73fc0,
0x000002397fc12690, 0x000002397fc7b5b0, 0x000002397fcd91b0, 0x0000023958336ab0,
0x000002395846e8b0, 0x000002397fd29f20, 0x000002397fd2b2d0, 0x000002397fd2c680,
0x000002397fd2cd10, 0x000002397fd2a5b0, 0x000002397fd2ac40, 0x000002395957c2b0,
0x00000239595794c0, 0x000002395957a1e0, 0x000002395957b590, 0x0000023959578e30,
0x000002395957bc20, 0x000002395957c940, 0x000002395957a870, 0x000002395957cfd0,
0x0000023959579b50, 0x000002395957e380, 0x000002395957dcf0, 0x000002395957af00,
0x000002395957ea10, 0x000002395957f730, 0x0000023959580450, 0x000002395957fdc0,
0x000002395957d660, 0x000002395957f0a0, 0x000002395a0bea30, 0x000002395a0bf750,
0x000002395a0c0470, 0x000002395a0c0b00, 0x000002395a0c1190, 0x000002395a0bdd10,
0x000002395a0c1820, 0x000002395a0be3a0, 0x000002395a0c2540, 0x000002395a0c4ca0,
0x000002395a0c4610, 0x000002395a0c3260, 0x000002395a0c5330, 0x000002395a0c2bd0,
0x000002395a0c1eb0, 0x000002395a0c3f80, 0x000002395a0c38f0, 0x000002395b08b1a0,
0x000002395b08d270, 0x000002395b089df0, 0x000002395b08b830, 0x000002395b08bec0,
0x000002395b08d900, 0x000002395b08a480, 0x000002395b08ab10, 0x000002395b08e620,
0x000002395b08ecb0, 0x000002395b08f340, 0x000002395b08df90, 0x000002395b08f9d0,
0x000002395b090060, 0x000002395b08cbe0, 0x000002395b0906f0, 0x000002395b023e80,
0x000002395b025f50
}

Java Threads: ( => current thread )
  0x000002397985e040 JavaThread "main"                              [_thread_blocked, id=15628, stack(0x000000d7f9000000,0x000000d7f9100000) (1024K)]
  0x000002397991d200 JavaThread "Reference Handler"          daemon [_thread_blocked, id=26380, stack(0x000000d7f9400000,0x000000d7f9500000) (1024K)]
  0x000002397991e010 JavaThread "Finalizer"                  daemon [_thread_blocked, id=26032, stack(0x000000d7f9500000,0x000000d7f9600000) (1024K)]
  0x000002397d2e72f0 JavaThread "Signal Dispatcher"          daemon [_thread_blocked, id=26212, stack(0x000000d7f9600000,0x000000d7f9700000) (1024K)]
  0x000002397d2e8070 JavaThread "Attach Listener"            daemon [_thread_blocked, id=26408, stack(0x000000d7f9700000,0x000000d7f9800000) (1024K)]
  0x000002397d2eb100 JavaThread "Service Thread"             daemon [_thread_blocked, id=14028, stack(0x000000d7f9800000,0x000000d7f9900000) (1024K)]
  0x000002397d2ebf00 JavaThread "Monitor Deflation Thread"   daemon [_thread_blocked, id=25692, stack(0x000000d7f9900000,0x000000d7f9a00000) (1024K)]
=>0x000002397d2ecc80 JavaThread "C2 CompilerThread0"         daemon [_thread_in_native, id=26120, stack(0x000000d7f9a00000,0x000000d7f9b00000) (1024K)]
  0x000002397d2ef720 JavaThread "C1 CompilerThread0"         daemon [_thread_blocked, id=25780, stack(0x000000d7f9b00000,0x000000d7f9c00000) (1024K)]
  0x000002397e73f3d0 JavaThread "Common-Cleaner"             daemon [_thread_blocked, id=25968, stack(0x000000d7f9c00000,0x000000d7f9d00000) (1024K)]
  0x000002397e9c8e10 JavaThread "Notification Thread"        daemon [_thread_blocked, id=16356, stack(0x000000d7f9d00000,0x000000d7f9e00000) (1024K)]
  0x000002397fb73fc0 JavaThread "Active Thread: Equinox Container: 093d0d48-8e77-41c6-983f-3eb3792eb21e"        [_thread_blocked, id=25896, stack(0x000000d7f9e00000,0x000000d7f9f00000) (1024K)]
  0x000002397fc12690 JavaThread "Refresh Thread: Equinox Container: 093d0d48-8e77-41c6-983f-3eb3792eb21e" daemon [_thread_blocked, id=17796, stack(0x000000d7fa600000,0x000000d7fa700000) (1024K)]
  0x000002397fc7b5b0 JavaThread "Framework Event Dispatcher: Equinox Container: 093d0d48-8e77-41c6-983f-3eb3792eb21e" daemon [_thread_blocked, id=22312, stack(0x000000d7fa700000,0x000000d7fa800000) (1024K)]
  0x000002397fcd91b0 JavaThread "Start Level: Equinox Container: 093d0d48-8e77-41c6-983f-3eb3792eb21e" daemon [_thread_blocked, id=23436, stack(0x000000d7fa800000,0x000000d7fa900000) (1024K)]
  0x0000023958336ab0 JavaThread "Bundle File Closer"         daemon [_thread_blocked, id=16804, stack(0x000000d7fab00000,0x000000d7fac00000) (1024K)]
  0x000002395846e8b0 JavaThread "SCR Component Actor"        daemon [_thread_blocked, id=25704, stack(0x000000d7fac00000,0x000000d7fad00000) (1024K)]
  0x000002397fd29f20 JavaThread "Worker-JM"                         [_thread_blocked, id=24656, stack(0x000000d7fae00000,0x000000d7faf00000) (1024K)]
  0x000002397fd2b2d0 JavaThread "JNA Cleaner"                daemon [_thread_blocked, id=25872, stack(0x000000d7faf00000,0x000000d7fb000000) (1024K)]
  0x000002397fd2c680 JavaThread "Worker-0"                          [_thread_blocked, id=18164, stack(0x000000d7fb000000,0x000000d7fb100000) (1024K)]
  0x000002397fd2cd10 JavaThread "Worker-1: Java indexing... "        [_thread_blocked, id=10284, stack(0x000000d7fb100000,0x000000d7fb200000) (1024K)]
  0x000002397fd2a5b0 JavaThread "Worker-2"                          [_thread_blocked, id=7644, stack(0x000000d7fb200000,0x000000d7fb300000) (1024K)]
  0x000002397fd2ac40 JavaThread "Worker-3"                          [_thread_blocked, id=16048, stack(0x000000d7fb300000,0x000000d7fb400000) (1024K)]
  0x000002395957c2b0 JavaThread "Java indexing"              daemon [_thread_blocked, id=25108, stack(0x000000d7fb600000,0x000000d7fb700000) (1024K)]
  0x00000239595794c0 JavaThread "Worker-4: Check JDK Index"         [_thread_blocked, id=26220, stack(0x000000d7fb800000,0x000000d7fb900000) (1024K)]
  0x000002395957a1e0 JavaThread "Worker-5"                          [_thread_blocked, id=26388, stack(0x000000d7fb900000,0x000000d7fba00000) (1024K)]
  0x000002395957b590 JavaThread "Thread-2"                   daemon [_thread_in_native, id=25300, stack(0x000000d7fba00000,0x000000d7fbb00000) (1024K)]
  0x0000023959578e30 JavaThread "Thread-3"                   daemon [_thread_in_native, id=26308, stack(0x000000d7fbb00000,0x000000d7fbc00000) (1024K)]
  0x000002395957bc20 JavaThread "Thread-4"                   daemon [_thread_in_native, id=26556, stack(0x000000d7fbc00000,0x000000d7fbd00000) (1024K)]
  0x000002395957c940 JavaThread "Thread-5"                   daemon [_thread_in_native, id=19332, stack(0x000000d7fbd00000,0x000000d7fbe00000) (1024K)]
  0x000002395957a870 JavaThread "Thread-6"                   daemon [_thread_in_native, id=25540, stack(0x000000d7fbe00000,0x000000d7fbf00000) (1024K)]
  0x000002395957cfd0 JavaThread "Thread-7"                   daemon [_thread_in_native, id=26244, stack(0x000000d7fbf00000,0x000000d7fc000000) (1024K)]
  0x0000023959579b50 JavaThread "Thread-8"                   daemon [_thread_in_native, id=25604, stack(0x000000d7fc000000,0x000000d7fc100000) (1024K)]
  0x000002395957e380 JavaThread "Thread-9"                   daemon [_thread_in_native, id=25652, stack(0x000000d7fc100000,0x000000d7fc200000) (1024K)]
  0x000002395957dcf0 JavaThread "Thread-10"                  daemon [_thread_in_native, id=26280, stack(0x000000d7fc200000,0x000000d7fc300000) (1024K)]
  0x000002395957af00 JavaThread "Thread-11"                  daemon [_thread_in_native, id=26216, stack(0x000000d7fc300000,0x000000d7fc400000) (1024K)]
  0x000002395957ea10 JavaThread "Thread-12"                  daemon [_thread_in_native, id=20580, stack(0x000000d7fc400000,0x000000d7fc500000) (1024K)]
  0x000002395957f730 JavaThread "Thread-13"                  daemon [_thread_in_native, id=25904, stack(0x000000d7fc500000,0x000000d7fc600000) (1024K)]
  0x0000023959580450 JavaThread "Thread-14"                  daemon [_thread_in_native, id=12744, stack(0x000000d7fc600000,0x000000d7fc700000) (1024K)]
  0x000002395957fdc0 JavaThread "pool-2-thread-1"                   [_thread_blocked, id=7220, stack(0x000000d7fc700000,0x000000d7fc800000) (1024K)]
  0x000002395957d660 JavaThread "WorkspaceEventsHandler"            [_thread_blocked, id=3812, stack(0x000000d7fc800000,0x000000d7fc900000) (1024K)]
  0x000002395957f0a0 JavaThread "pool-1-thread-1"                   [_thread_blocked, id=25016, stack(0x000000d7fc900000,0x000000d7fca00000) (1024K)]
  0x000002395a0bea30 JavaThread "LocalFile Deleter"          daemon [_thread_blocked, id=25988, stack(0x000000d7fca00000,0x000000d7fcb00000) (1024K)]
  0x000002395a0bf750 JavaThread "LocalFile Deleter"          daemon [_thread_blocked, id=21424, stack(0x000000d7fcb00000,0x000000d7fcc00000) (1024K)]
  0x000002395a0c0470 JavaThread "LocalFile Deleter"          daemon [_thread_blocked, id=25664, stack(0x000000d7fcc00000,0x000000d7fcd00000) (1024K)]
  0x000002395a0c0b00 JavaThread "LocalFile Deleter"          daemon [_thread_blocked, id=25696, stack(0x000000d7fcd00000,0x000000d7fce00000) (1024K)]
  0x000002395a0c1190 JavaThread "LocalFile Deleter"          daemon [_thread_blocked, id=25976, stack(0x000000d7fce00000,0x000000d7fcf00000) (1024K)]
  0x000002395a0bdd10 JavaThread "LocalFile Deleter"          daemon [_thread_blocked, id=24888, stack(0x000000d7fcf00000,0x000000d7fd000000) (1024K)]
  0x000002395a0c1820 JavaThread "LocalFile Deleter"          daemon [_thread_blocked, id=26136, stack(0x000000d7fd000000,0x000000d7fd100000) (1024K)]
  0x000002395a0be3a0 JavaThread "LocalFile Deleter"          daemon [_thread_blocked, id=26060, stack(0x000000d7fd100000,0x000000d7fd200000) (1024K)]
  0x000002395a0c2540 JavaThread "LocalFile Deleter"          daemon [_thread_blocked, id=25956, stack(0x000000d7fd200000,0x000000d7fd300000) (1024K)]
  0x000002395a0c4ca0 JavaThread "LocalFile Deleter"          daemon [_thread_blocked, id=25764, stack(0x000000d7fd300000,0x000000d7fd400000) (1024K)]
  0x000002395a0c4610 JavaThread "LocalFile Deleter"          daemon [_thread_blocked, id=20764, stack(0x000000d7fd400000,0x000000d7fd500000) (1024K)]
  0x000002395a0c3260 JavaThread "LocalFile Deleter"          daemon [_thread_blocked, id=25340, stack(0x000000d7fd500000,0x000000d7fd600000) (1024K)]
  0x000002395a0c5330 JavaThread "Compiler Source File Reader" daemon [_thread_blocked, id=24336, stack(0x000000d7fd600000,0x000000d7fd700000) (1024K)]
  0x000002395a0c2bd0 JavaThread "Compiler Source File Reader" daemon [_thread_blocked, id=248, stack(0x000000d7fd700000,0x000000d7fd800000) (1024K)]
  0x000002395a0c1eb0 JavaThread "Compiler Source File Reader" daemon [_thread_blocked, id=14976, stack(0x000000d7fd800000,0x000000d7fd900000) (1024K)]
  0x000002395a0c3f80 JavaThread "Compiler Source File Reader" daemon [_thread_blocked, id=25428, stack(0x000000d7fd900000,0x000000d7fda00000) (1024K)]
  0x000002395a0c38f0 JavaThread "Compiler Source File Reader" daemon [_thread_blocked, id=25940, stack(0x000000d7fda00000,0x000000d7fdb00000) (1024K)]
  0x000002395b08b1a0 JavaThread "Compiler Source File Reader" daemon [_thread_blocked, id=9164, stack(0x000000d7fdb00000,0x000000d7fdc00000) (1024K)]
  0x000002395b08d270 JavaThread "Compiler Source File Reader" daemon [_thread_blocked, id=4796, stack(0x000000d7fdc00000,0x000000d7fdd00000) (1024K)]
  0x000002395b089df0 JavaThread "Compiler Source File Reader" daemon [_thread_blocked, id=13072, stack(0x000000d7fdd00000,0x000000d7fde00000) (1024K)]
  0x000002395b08b830 JavaThread "Compiler Source File Reader" daemon [_thread_blocked, id=26372, stack(0x000000d7fde00000,0x000000d7fdf00000) (1024K)]
  0x000002395b08bec0 JavaThread "Compiler Source File Reader" daemon [_thread_blocked, id=20588, stack(0x000000d7fdf00000,0x000000d7fe000000) (1024K)]
  0x000002395b08d900 JavaThread "Compiler Processing Task"   daemon [_thread_blocked, id=26264, stack(0x000000d7fe000000,0x000000d7fe100000) (1024K)]
  0x000002395b08a480 JavaThread "Compiler Class File Writer" daemon [_thread_blocked, id=26016, stack(0x000000d7fe100000,0x000000d7fe200000) (1024K)]
  0x000002395b08ab10 JavaThread "Compiler Class File Writer" daemon [_thread_blocked, id=11332, stack(0x000000d7fe200000,0x000000d7fe300000) (1024K)]
  0x000002395b08e620 JavaThread "Compiler Class File Writer" daemon [_thread_blocked, id=22168, stack(0x000000d7fe300000,0x000000d7fe400000) (1024K)]
  0x000002395b08ecb0 JavaThread "Compiler Class File Writer" daemon [_thread_blocked, id=4668, stack(0x000000d7fe400000,0x000000d7fe500000) (1024K)]
  0x000002395b08f340 JavaThread "Compiler Class File Writer" daemon [_thread_blocked, id=25668, stack(0x000000d7fe500000,0x000000d7fe600000) (1024K)]
  0x000002395b08df90 JavaThread "Compiler Class File Writer" daemon [_thread_blocked, id=24852, stack(0x000000d7fe600000,0x000000d7fe700000) (1024K)]
  0x000002395b08f9d0 JavaThread "Compiler Class File Writer" daemon [_thread_blocked, id=25892, stack(0x000000d7fe700000,0x000000d7fe800000) (1024K)]
  0x000002395b090060 JavaThread "Compiler Class File Writer" daemon [_thread_blocked, id=25912, stack(0x000000d7fe800000,0x000000d7fe900000) (1024K)]
  0x000002395b08cbe0 JavaThread "Compiler Class File Writer" daemon [_thread_blocked, id=24644, stack(0x000000d7fe900000,0x000000d7fea00000) (1024K)]
  0x000002395b0906f0 JavaThread "Compiler Class File Writer" daemon [_thread_blocked, id=12336, stack(0x000000d7fea00000,0x000000d7feb00000) (1024K)]
  0x000002395b023e80 JavaThread "Timer-0"                           [_thread_blocked, id=24040, stack(0x000000d7fb500000,0x000000d7fb600000) (1024K)]
  0x000002395b025f50 JavaThread "Worker-6"                          [_thread_blocked, id=22212, stack(0x000000d7fb400000,0x000000d7fb500000) (1024K)]
Total: 77

Other Threads:
  0x0000023977550750 VMThread "VM Thread"                           [id=26356, stack(0x000000d7f9300000,0x000000d7f9400000) (1024K)]
  0x000002397d1dca00 WatcherThread "VM Periodic Task Thread"        [id=26144, stack(0x000000d7f9200000,0x000000d7f9300000) (1024K)]
  0x0000023977551970 WorkerThread "GC Thread#0"                     [id=25376, stack(0x000000d7f9100000,0x000000d7f9200000) (1024K)]
  0x00000239775503b0 WorkerThread "GC Thread#1"                     [id=26508, stack(0x000000d7f9f00000,0x000000d7fa000000) (1024K)]
  0x0000023977550af0 WorkerThread "GC Thread#2"                     [id=26572, stack(0x000000d7fa000000,0x000000d7fa100000) (1024K)]
  0x000002397fb42870 WorkerThread "GC Thread#3"                     [id=26024, stack(0x000000d7fa100000,0x000000d7fa200000) (1024K)]
  0x000002397fb43a90 WorkerThread "GC Thread#4"                     [id=26512, stack(0x000000d7fa200000,0x000000d7fa300000) (1024K)]
  0x000002397fb441d0 WorkerThread "GC Thread#5"                     [id=16956, stack(0x000000d7fa300000,0x000000d7fa400000) (1024K)]
  0x000002397fb44cb0 WorkerThread "GC Thread#6"                     [id=4568, stack(0x000000d7fa400000,0x000000d7fa500000) (1024K)]
  0x000002397fb42130 WorkerThread "GC Thread#7"                     [id=26548, stack(0x000000d7fa500000,0x000000d7fa600000) (1024K)]
  0x000002397fb42fb0 WorkerThread "GC Thread#8"                     [id=3644, stack(0x000000d7fa900000,0x000000d7faa00000) (1024K)]
  0x000002397fb43350 WorkerThread "GC Thread#9"                     [id=10432, stack(0x000000d7faa00000,0x000000d7fab00000) (1024K)]
Total: 12

Threads with active compile tasks:
C2 CompilerThread0  100021 13129       4       org.eclipse.jdt.internal.compiler.parser.Scanner::internalScanIdentifierOrKeyword (5041 bytes)
C1 CompilerThread0  100021 13131   !   3       org.eclipse.jdt.internal.core.search.indexing.AddJarFileToIndex::execute (1557 bytes)
Total: 2

VM state: at safepoint (normal execution)

VM Mutex/Monitor currently owned by a thread:  ([mutex/lock_event])
[0x00007ffb27b35458] Threads_lock - owner thread: 0x0000023977550750
[0x00007ffb27b35558] Heap_lock - owner thread: 0x000002395957c2b0
[0x00007ffb27b359d8] PSOldGenExpand_lock - owner thread: 0x0000023977551970

Heap address: 0x0000000080000000, size: 2048 MB, Compressed Oops mode: 32-bit

CDS archive(s) mapped at: [0x0000023913000000-0x0000023913ba0000-0x0000023913ba0000), size 12189696, SharedBaseAddress: 0x0000023913000000, ArchiveRelocationMode: 1.
Compressed class space mapped at: 0x0000023914000000-0x0000023954000000, reserved size: 1073741824
Narrow klass base: 0x0000023913000000, Narrow klass shift: 0, Narrow klass range: 0x100000000

GC Precious Log:
 CardTable entry size: 512
 CPUs: 12 total, 12 available
 Memory: 5989M
 Large Page Support: Disabled
 NUMA Support: Disabled
 Compressed Oops: Enabled (32-bit)
 Alignments: Space 512K, Generation 512K, Heap 2M
 Heap Min Capacity: 100M
 Heap Initial Capacity: 100M
 Heap Max Capacity: 2G
 Pre-touch: Disabled
 Parallel Workers: 10

Heap:
 PSYoungGen      total 4608K, used 4192K [0x00000000d5580000, 0x00000000d5b00000, 0x0000000100000000)
  eden space 3584K, 100% used [0x00000000d5580000,0x00000000d5900000,0x00000000d5900000)
  from space 1024K, 59% used [0x00000000d5a00000,0x00000000d5a98000,0x00000000d5b00000)
  to   space 1024K, 15% used [0x00000000d5900000,0x00000000d5928000,0x00000000d5a00000)
 ParOldGen       total 759808K, used 759806K [0x0000000080000000, 0x00000000ae600000, 0x00000000d5580000)
  object space 759808K, 99% used [0x0000000080000000,0x00000000ae5ffae8,0x00000000ae600000)
 Metaspace       used 71347K, committed 72960K, reserved 1114112K
  class space    used 7916K, committed 8704K, reserved 1048576K

Card table byte_map: [0x0000023979200000,0x0000023979610000] _byte_map_base: 0x0000023978e00000

Marking Bits: (ParMarkBitMap*) 0x00007ffb27b3a340
 Begin Bits: [0x000002390f000000, 0x0000023911000000)
 End Bits:   [0x0000023911000000, 0x0000023913000000)

Polling page: 0x0000023977a40000

Metaspace:

Usage:
  Non-class:     61.94 MB used.
      Class:      7.73 MB used.
       Both:     69.68 MB used.

Virtual space:
  Non-class space:       64.00 MB reserved,      62.75 MB ( 98%) committed,  1 nodes.
      Class space:        1.00 GB reserved,       8.50 MB ( <1%) committed,  1 nodes.
             Both:        1.06 GB reserved,      71.25 MB (  7%) committed. 

Chunk freelists:
   Non-Class:  385.00 KB
       Class:  7.42 MB
        Both:  7.80 MB

MaxMetaspaceSize: unlimited
CompressedClassSpaceSize: 1.00 GB
Initial GC threshold: 21.00 MB
Current GC threshold: 98.12 MB
CDS: on
 - commit_granule_bytes: 65536.
 - commit_granule_words: 8192.
 - virtual_space_node_default_size: 8388608.
 - enlarge_chunks_in_place: 1.
 - use_allocation_guard: 0.


Internal statistics:

num_allocs_failed_limit: 13.
num_arena_births: 1274.
num_arena_deaths: 40.
num_vsnodes_births: 2.
num_vsnodes_deaths: 0.
num_space_committed: 1140.
num_space_uncommitted: 0.
num_chunks_returned_to_freelist: 63.
num_chunks_taken_from_freelist: 4568.
num_chunk_merges: 13.
num_chunk_splits: 2874.
num_chunks_enlarged: 1762.
num_inconsistent_stats: 0.

CodeHeap 'non-profiled nmethods': size=120000Kb used=9655Kb max_used=9655Kb free=110344Kb
 bounds [0x0000023907ad0000, 0x0000023908440000, 0x000002390f000000]
CodeHeap 'profiled nmethods': size=120000Kb used=28615Kb max_used=28615Kb free=91384Kb
 bounds [0x0000023900000000, 0x0000023901c00000, 0x0000023907530000]
CodeHeap 'non-nmethods': size=5760Kb used=1436Kb max_used=1513Kb free=4323Kb
 bounds [0x0000023907530000, 0x00000239077a0000, 0x0000023907ad0000]
CodeCache: size=245760Kb, used=39706Kb, max_used=39783Kb, free=206051Kb
 total_blobs=13127, nmethods=12377, adapters=653, full_count=0
Compilation: enabled, stopped_count=0, restarted_count=0

Compilation events (20 events):
Event: 97.609 Thread 0x000002397d2ef720 13121       3       org.eclipse.jdt.internal.core.search.indexing.BinaryIndexer::indexPackageVisibilityDirective (115 bytes)
Event: 97.610 Thread 0x000002397d2ef720 nmethod 13121 0x0000023901bee590 code [0x0000023901bee7c0, 0x0000023901bef1f8]
Event: 97.614 Thread 0x000002397d2ef720 13122       3       org.eclipse.jdt.ls.core.internal.handlers.ProgressReporterManager$ProgressReporter::isDone (29 bytes)
Event: 97.615 Thread 0x000002397d2ef720 nmethod 13122 0x0000023901bef610 code [0x0000023901bef7c0, 0x0000023901bef9b0]
Event: 97.615 Thread 0x000002397d2ef720 13123       3       org.eclipse.lsp4j.jsonrpc.json.adapters.EitherTypeAdapter::write (10 bytes)
Event: 97.616 Thread 0x000002397d2ef720 nmethod 13123 0x0000023901befa90 code [0x0000023901befc40, 0x0000023901befef0]
Event: 97.616 Thread 0x000002397d2ef720 13125   !   3       sun.nio.ch.PendingFuture::prepareForWait (43 bytes)
Event: 97.617 Thread 0x000002397d2ef720 nmethod 13125 0x0000023901bf0010 code [0x0000023901bf0200, 0x0000023901bf0840]
Event: 97.617 Thread 0x000002397d2ef720 13124       3       org.eclipse.lsp4j.jsonrpc.json.adapters.EitherTypeAdapter::write (47 bytes)
Event: 97.622 Thread 0x000002397d2ef720 nmethod 13124 0x0000023901bf0a90 code [0x0000023901bf0ca0, 0x0000023901bf1428]
Event: 97.792 Thread 0x000002397d2ecc80 13126       4       java.lang.invoke.LambdaForm$MH/0x000002391401e000::invoke (45 bytes)
Event: 97.794 Thread 0x000002397d2ecc80 nmethod 13126 0x000002390843b290 code [0x000002390843b440, 0x000002390843b628]
Event: 97.794 Thread 0x000002397d2ecc80 13127       4       org.eclipse.core.runtime.SubMonitor::newChild (194 bytes)
Event: 97.821 Thread 0x000002397d2ecc80 nmethod 13127 0x000002390843b890 code [0x000002390843bac0, 0x000002390843c368]
Event: 97.841 Thread 0x000002397d2ecc80 13128       4       org.eclipse.core.runtime.SubMonitor::split (72 bytes)
Event: 97.868 Thread 0x000002397d2ecc80 nmethod 13128 0x000002390843c990 code [0x000002390843cbe0, 0x000002390843d5c0]
Event: 97.868 Thread 0x000002397d2ecc80 13129       4       org.eclipse.jdt.internal.compiler.parser.Scanner::internalScanIdentifierOrKeyword (5041 bytes)
Event: 97.868 Thread 0x000002397d2ef720 13130       3       org.eclipse.jdt.internal.core.search.indexing.AddJarFileToIndex::getJobFamily (22 bytes)
Event: 97.869 Thread 0x000002397d2ef720 nmethod 13130 0x0000023901bf1690 code [0x0000023901bf1860, 0x0000023901bf1b38]
Event: 97.927 Thread 0x000002397d2ef720 13131   !   3       org.eclipse.jdt.internal.core.search.indexing.AddJarFileToIndex::execute (1557 bytes)

GC Heap History (20 events):
Event: 97.688 GC heap before
{Heap before GC invocations=1256 (full 3):
 PSYoungGen      total 4608K, used 4214K [0x00000000d5580000, 0x00000000d5b00000, 0x0000000100000000)
  eden space 3584K, 100% used [0x00000000d5580000,0x00000000d5900000,0x00000000d5900000)
  from space 1024K, 61% used [0x00000000d5a00000,0x00000000d5a9d808,0x00000000d5b00000)
  to   space 1024K, 0% used [0x00000000d5900000,0x00000000d5900000,0x00000000d5a00000)
 ParOldGen       total 755712K, used 755302K [0x0000000080000000, 0x00000000ae200000, 0x00000000d5580000)
  object space 755712K, 99% used [0x0000000080000000,0x00000000ae199908,0x00000000ae200000)
 Metaspace       used 71323K, committed 72960K, reserved 1114112K
  class space    used 7916K, committed 8704K, reserved 1048576K
}
Event: 97.692 GC heap after
{Heap after GC invocations=1256 (full 3):
 PSYoungGen      total 4608K, used 544K [0x00000000d5580000, 0x00000000d5b00000, 0x0000000100000000)
  eden space 3584K, 0% used [0x00000000d5580000,0x00000000d5580000,0x00000000d5900000)
  from space 1024K, 53% used [0x00000000d5900000,0x00000000d5988000,0x00000000d5a00000)
  to   space 1024K, 0% used [0x00000000d5a00000,0x00000000d5a00000,0x00000000d5b00000)
 ParOldGen       total 756224K, used 755812K [0x0000000080000000, 0x00000000ae280000, 0x00000000d5580000)
  object space 756224K, 99% used [0x0000000080000000,0x00000000ae219110,0x00000000ae280000)
 Metaspace       used 71323K, committed 72960K, reserved 1114112K
  class space    used 7916K, committed 8704K, reserved 1048576K
}
Event: 97.706 GC heap before
{Heap before GC invocations=1257 (full 3):
 PSYoungGen      total 4608K, used 4114K [0x00000000d5580000, 0x00000000d5b00000, 0x0000000100000000)
  eden space 3584K, 99% used [0x00000000d5580000,0x00000000d58fc9b0,0x00000000d5900000)
  from space 1024K, 53% used [0x00000000d5900000,0x00000000d5988000,0x00000000d5a00000)
  to   space 1024K, 0% used [0x00000000d5a00000,0x00000000d5a00000,0x00000000d5b00000)
 ParOldGen       total 756224K, used 755812K [0x0000000080000000, 0x00000000ae280000, 0x00000000d5580000)
  object space 756224K, 99% used [0x0000000080000000,0x00000000ae219110,0x00000000ae280000)
 Metaspace       used 71323K, committed 72960K, reserved 1114112K
  class space    used 7916K, committed 8704K, reserved 1048576K
}
Event: 97.709 GC heap after
{Heap after GC invocations=1257 (full 3):
 PSYoungGen      total 4096K, used 448K [0x00000000d5580000, 0x00000000d5a80000, 0x0000000100000000)
  eden space 3584K, 0% used [0x00000000d5580000,0x00000000d5580000,0x00000000d5900000)
  from space 512K, 87% used [0x00000000d5a00000,0x00000000d5a70000,0x00000000d5a80000)
  to   space 512K, 0% used [0x00000000d5980000,0x00000000d5980000,0x00000000d5a00000)
 ParOldGen       total 756224K, used 756188K [0x0000000080000000, 0x00000000ae280000, 0x00000000d5580000)
  object space 756224K, 99% used [0x0000000080000000,0x00000000ae277110,0x00000000ae280000)
 Metaspace       used 71323K, committed 72960K, reserved 1114112K
  class space    used 7916K, committed 8704K, reserved 1048576K
}
Event: 97.721 GC heap before
{Heap before GC invocations=1258 (full 3):
 PSYoungGen      total 4096K, used 4032K [0x00000000d5580000, 0x00000000d5a80000, 0x0000000100000000)
  eden space 3584K, 100% used [0x00000000d5580000,0x00000000d5900000,0x00000000d5900000)
  from space 512K, 87% used [0x00000000d5a00000,0x00000000d5a70000,0x00000000d5a80000)
  to   space 512K, 0% used [0x00000000d5980000,0x00000000d5980000,0x00000000d5a00000)
 ParOldGen       total 756224K, used 756188K [0x0000000080000000, 0x00000000ae280000, 0x00000000d5580000)
  object space 756224K, 99% used [0x0000000080000000,0x00000000ae277110,0x00000000ae280000)
 Metaspace       used 71323K, committed 72960K, reserved 1114112K
  class space    used 7916K, committed 8704K, reserved 1048576K
}
Event: 97.724 GC heap after
{Heap after GC invocations=1258 (full 3):
 PSYoungGen      total 4096K, used 448K [0x00000000d5580000, 0x00000000d5a80000, 0x0000000100000000)
  eden space 3584K, 0% used [0x00000000d5580000,0x00000000d5580000,0x00000000d5900000)
  from space 512K, 87% used [0x00000000d5980000,0x00000000d59f0000,0x00000000d5a00000)
  to   space 512K, 0% used [0x00000000d5a00000,0x00000000d5a00000,0x00000000d5a80000)
 ParOldGen       total 756736K, used 756580K [0x0000000080000000, 0x00000000ae300000, 0x00000000d5580000)
  object space 756736K, 99% used [0x0000000080000000,0x00000000ae2d9110,0x00000000ae300000)
 Metaspace       used 71323K, committed 72960K, reserved 1114112K
  class space    used 7916K, committed 8704K, reserved 1048576K
}
Event: 97.802 GC heap before
{Heap before GC invocations=1259 (full 3):
 PSYoungGen      total 4096K, used 4032K [0x00000000d5580000, 0x00000000d5a80000, 0x0000000100000000)
  eden space 3584K, 100% used [0x00000000d5580000,0x00000000d5900000,0x00000000d5900000)
  from space 512K, 87% used [0x00000000d5980000,0x00000000d59f0000,0x00000000d5a00000)
  to   space 512K, 0% used [0x00000000d5a00000,0x00000000d5a00000,0x00000000d5a80000)
 ParOldGen       total 756736K, used 756580K [0x0000000080000000, 0x00000000ae300000, 0x00000000d5580000)
  object space 756736K, 99% used [0x0000000080000000,0x00000000ae2d9110,0x00000000ae300000)
 Metaspace       used 71323K, committed 72960K, reserved 1114112K
  class space    used 7916K, committed 8704K, reserved 1048576K
}
Event: 97.805 GC heap after
{Heap after GC invocations=1259 (full 3):
 PSYoungGen      total 4096K, used 320K [0x00000000d5580000, 0x00000000d5a80000, 0x0000000100000000)
  eden space 3584K, 0% used [0x00000000d5580000,0x00000000d5580000,0x00000000d5900000)
  from space 512K, 62% used [0x00000000d5a00000,0x00000000d5a50000,0x00000000d5a80000)
  to   space 512K, 0% used [0x00000000d5980000,0x00000000d5980000,0x00000000d5a00000)
 ParOldGen       total 757248K, used 756948K [0x0000000080000000, 0x00000000ae380000, 0x00000000d5580000)
  object space 757248K, 99% used [0x0000000080000000,0x00000000ae335110,0x00000000ae380000)
 Metaspace       used 71323K, committed 72960K, reserved 1114112K
  class space    used 7916K, committed 8704K, reserved 1048576K
}
Event: 97.861 GC heap before
{Heap before GC invocations=1260 (full 3):
 PSYoungGen      total 4096K, used 3904K [0x00000000d5580000, 0x00000000d5a80000, 0x0000000100000000)
  eden space 3584K, 100% used [0x00000000d5580000,0x00000000d5900000,0x00000000d5900000)
  from space 512K, 62% used [0x00000000d5a00000,0x00000000d5a50000,0x00000000d5a80000)
  to   space 512K, 0% used [0x00000000d5980000,0x00000000d5980000,0x00000000d5a00000)
 ParOldGen       total 757248K, used 756948K [0x0000000080000000, 0x00000000ae380000, 0x00000000d5580000)
  object space 757248K, 99% used [0x0000000080000000,0x00000000ae335110,0x00000000ae380000)
 Metaspace       used 71323K, committed 72960K, reserved 1114112K
  class space    used 7916K, committed 8704K, reserved 1048576K
}
Event: 97.866 GC heap after
{Heap after GC invocations=1260 (full 3):
 PSYoungGen      total 4096K, used 491K [0x00000000d5580000, 0x00000000d5b00000, 0x0000000100000000)
  eden space 3584K, 0% used [0x00000000d5580000,0x00000000d5580000,0x00000000d5900000)
  from space 512K, 96% used [0x00000000d5980000,0x00000000d59fafb0,0x00000000d5a00000)
  to   space 1024K, 0% used [0x00000000d5a00000,0x00000000d5a00000,0x00000000d5b00000)
 ParOldGen       total 757248K, used 757161K [0x0000000080000000, 0x00000000ae380000, 0x00000000d5580000)
  object space 757248K, 99% used [0x0000000080000000,0x00000000ae36a720,0x00000000ae380000)
 Metaspace       used 71323K, committed 72960K, reserved 1114112K
  class space    used 7916K, committed 8704K, reserved 1048576K
}
Event: 97.885 GC heap before
{Heap before GC invocations=1261 (full 3):
 PSYoungGen      total 4096K, used 4075K [0x00000000d5580000, 0x00000000d5b00000, 0x0000000100000000)
  eden space 3584K, 100% used [0x00000000d5580000,0x00000000d5900000,0x00000000d5900000)
  from space 512K, 96% used [0x00000000d5980000,0x00000000d59fafb0,0x00000000d5a00000)
  to   space 1024K, 0% used [0x00000000d5a00000,0x00000000d5a00000,0x00000000d5b00000)
 ParOldGen       total 757248K, used 757161K [0x0000000080000000, 0x00000000ae380000, 0x00000000d5580000)
  object space 757248K, 99% used [0x0000000080000000,0x00000000ae36a720,0x00000000ae380000)
 Metaspace       used 71324K, committed 72960K, reserved 1114112K
  class space    used 7916K, committed 8704K, reserved 1048576K
}
Event: 97.888 GC heap after
{Heap after GC invocations=1261 (full 3):
 PSYoungGen      total 4608K, used 704K [0x00000000d5580000, 0x00000000d5b00000, 0x0000000100000000)
  eden space 3584K, 0% used [0x00000000d5580000,0x00000000d5580000,0x00000000d5900000)
  from space 1024K, 68% used [0x00000000d5a00000,0x00000000d5ab0000,0x00000000d5b00000)
  to   space 1024K, 0% used [0x00000000d5900000,0x00000000d5900000,0x00000000d5a00000)
 ParOldGen       total 757760K, used 757653K [0x0000000080000000, 0x00000000ae400000, 0x00000000d5580000)
  object space 757760K, 99% used [0x0000000080000000,0x00000000ae3e56d8,0x00000000ae400000)
 Metaspace       used 71324K, committed 72960K, reserved 1114112K
  class space    used 7916K, committed 8704K, reserved 1048576K
}
Event: 97.903 GC heap before
{Heap before GC invocations=1262 (full 3):
 PSYoungGen      total 4608K, used 4288K [0x00000000d5580000, 0x00000000d5b00000, 0x0000000100000000)
  eden space 3584K, 100% used [0x00000000d5580000,0x00000000d5900000,0x00000000d5900000)
  from space 1024K, 68% used [0x00000000d5a00000,0x00000000d5ab0000,0x00000000d5b00000)
  to   space 1024K, 0% used [0x00000000d5900000,0x00000000d5900000,0x00000000d5a00000)
 ParOldGen       total 757760K, used 757653K [0x0000000080000000, 0x00000000ae400000, 0x00000000d5580000)
  object space 757760K, 99% used [0x0000000080000000,0x00000000ae3e56d8,0x00000000ae400000)
 Metaspace       used 71324K, committed 72960K, reserved 1114112K
  class space    used 7916K, committed 8704K, reserved 1048576K
}
Event: 97.906 GC heap after
{Heap after GC invocations=1262 (full 3):
 PSYoungGen      total 4608K, used 576K [0x00000000d5580000, 0x00000000d5b00000, 0x0000000100000000)
  eden space 3584K, 0% used [0x00000000d5580000,0x00000000d5580000,0x00000000d5900000)
  from space 1024K, 56% used [0x00000000d5900000,0x00000000d5990000,0x00000000d5a00000)
  to   space 1024K, 0% used [0x00000000d5a00000,0x00000000d5a00000,0x00000000d5b00000)
 ParOldGen       total 758272K, used 758264K [0x0000000080000000, 0x00000000ae480000, 0x00000000d5580000)
  object space 758272K, 99% used [0x0000000080000000,0x00000000ae47e2e0,0x00000000ae480000)
 Metaspace       used 71324K, committed 72960K, reserved 1114112K
  class space    used 7916K, committed 8704K, reserved 1048576K
}
Event: 97.921 GC heap before
{Heap before GC invocations=1263 (full 3):
 PSYoungGen      total 4608K, used 4160K [0x00000000d5580000, 0x00000000d5b00000, 0x0000000100000000)
  eden space 3584K, 100% used [0x00000000d5580000,0x00000000d5900000,0x00000000d5900000)
  from space 1024K, 56% used [0x00000000d5900000,0x00000000d5990000,0x00000000d5a00000)
  to   space 1024K, 0% used [0x00000000d5a00000,0x00000000d5a00000,0x00000000d5b00000)
 ParOldGen       total 758272K, used 758264K [0x0000000080000000, 0x00000000ae480000, 0x00000000d5580000)
  object space 758272K, 99% used [0x0000000080000000,0x00000000ae47e2e0,0x00000000ae480000)
 Metaspace       used 71324K, committed 72960K, reserved 1114112K
  class space    used 7916K, committed 8704K, reserved 1048576K
}
Event: 97.925 GC heap after
{Heap after GC invocations=1263 (full 3):
 PSYoungGen      total 4608K, used 694K [0x00000000d5580000, 0x00000000d5b00000, 0x0000000100000000)
  eden space 3584K, 0% used [0x00000000d5580000,0x00000000d5580000,0x00000000d5900000)
  from space 1024K, 67% used [0x00000000d5a00000,0x00000000d5aad808,0x00000000d5b00000)
  to   space 1024K, 0% used [0x00000000d5900000,0x00000000d5900000,0x00000000d5a00000)
 ParOldGen       total 758784K, used 758728K [0x0000000080000000, 0x00000000ae500000, 0x00000000d5580000)
  object space 758784K, 99% used [0x0000000080000000,0x00000000ae4f22e0,0x00000000ae500000)
 Metaspace       used 71324K, committed 72960K, reserved 1114112K
  class space    used 7916K, committed 8704K, reserved 1048576K
}
Event: 97.942 GC heap before
{Heap before GC invocations=1264 (full 3):
 PSYoungGen      total 4608K, used 4278K [0x00000000d5580000, 0x00000000d5b00000, 0x0000000100000000)
  eden space 3584K, 100% used [0x00000000d5580000,0x00000000d5900000,0x00000000d5900000)
  from space 1024K, 67% used [0x00000000d5a00000,0x00000000d5aad808,0x00000000d5b00000)
  to   space 1024K, 0% used [0x00000000d5900000,0x00000000d5900000,0x00000000d5a00000)
 ParOldGen       total 758784K, used 758728K [0x0000000080000000, 0x00000000ae500000, 0x00000000d5580000)
  object space 758784K, 99% used [0x0000000080000000,0x00000000ae4f22e0,0x00000000ae500000)
 Metaspace       used 71347K, committed 72960K, reserved 1114112K
  class space    used 7916K, committed 8704K, reserved 1048576K
}
Event: 97.946 GC heap after
{Heap after GC invocations=1264 (full 3):
 PSYoungGen      total 4608K, used 608K [0x00000000d5580000, 0x00000000d5b00000, 0x0000000100000000)
  eden space 3584K, 0% used [0x00000000d5580000,0x00000000d5580000,0x00000000d5900000)
  from space 1024K, 59% used [0x00000000d5900000,0x00000000d5998000,0x00000000d5a00000)
  to   space 1024K, 0% used [0x00000000d5a00000,0x00000000d5a00000,0x00000000d5b00000)
 ParOldGen       total 759808K, used 759334K [0x0000000080000000, 0x00000000ae600000, 0x00000000d5580000)
  object space 759808K, 99% used [0x0000000080000000,0x00000000ae589ae8,0x00000000ae600000)
 Metaspace       used 71347K, committed 72960K, reserved 1114112K
  class space    used 7916K, committed 8704K, reserved 1048576K
}
Event: 97.963 GC heap before
{Heap before GC invocations=1265 (full 3):
 PSYoungGen      total 4608K, used 4181K [0x00000000d5580000, 0x00000000d5b00000, 0x0000000100000000)
  eden space 3584K, 99% used [0x00000000d5580000,0x00000000d58fd650,0x00000000d5900000)
  from space 1024K, 59% used [0x00000000d5900000,0x00000000d5998000,0x00000000d5a00000)
  to   space 1024K, 0% used [0x00000000d5a00000,0x00000000d5a00000,0x00000000d5b00000)
 ParOldGen       total 759808K, used 759334K [0x0000000080000000, 0x00000000ae600000, 0x00000000d5580000)
  object space 759808K, 99% used [0x0000000080000000,0x00000000ae589ae8,0x00000000ae600000)
 Metaspace       used 71347K, committed 72960K, reserved 1114112K
  class space    used 7916K, committed 8704K, reserved 1048576K
}
Event: 97.968 GC heap after
{Heap after GC invocations=1265 (full 3):
 PSYoungGen      total 4608K, used 608K [0x00000000d5580000, 0x00000000d5b00000, 0x0000000100000000)
  eden space 3584K, 0% used [0x00000000d5580000,0x00000000d5580000,0x00000000d5900000)
  from space 1024K, 59% used [0x00000000d5a00000,0x00000000d5a98000,0x00000000d5b00000)
  to   space 1024K, 0% used [0x00000000d5900000,0x00000000d5900000,0x00000000d5a00000)
 ParOldGen       total 759808K, used 759798K [0x0000000080000000, 0x00000000ae600000, 0x00000000d5580000)
  object space 759808K, 99% used [0x0000000080000000,0x00000000ae5fdae8,0x00000000ae600000)
 Metaspace       used 71347K, committed 72960K, reserved 1114112K
  class space    used 7916K, committed 8704K, reserved 1048576K
}

Dll operation events (13 events):
Event: 0.029 Loaded shared library c:\Users\LENOVO\.cursor\extensions\redhat.java-1.44.0-win32-x64\jre\21.0.8-win32-x86_64\bin\java.dll
Event: 0.267 Loaded shared library c:\Users\LENOVO\.cursor\extensions\redhat.java-1.44.0-win32-x64\jre\21.0.8-win32-x86_64\bin\zip.dll
Event: 0.344 Loaded shared library C:\Users\LENOVO\.cursor\extensions\redhat.java-1.44.0-win32-x64\jre\21.0.8-win32-x86_64\bin\instrument.dll
Event: 0.359 Loaded shared library C:\Users\LENOVO\.cursor\extensions\redhat.java-1.44.0-win32-x64\jre\21.0.8-win32-x86_64\bin\net.dll
Event: 0.366 Loaded shared library C:\Users\LENOVO\.cursor\extensions\redhat.java-1.44.0-win32-x64\jre\21.0.8-win32-x86_64\bin\nio.dll
Event: 0.377 Loaded shared library C:\Users\LENOVO\.cursor\extensions\redhat.java-1.44.0-win32-x64\jre\21.0.8-win32-x86_64\bin\zip.dll
Event: 0.432 Loaded shared library C:\Users\LENOVO\.cursor\extensions\redhat.java-1.44.0-win32-x64\jre\21.0.8-win32-x86_64\bin\jimage.dll
Event: 0.669 Loaded shared library c:\Users\LENOVO\.cursor\extensions\redhat.java-1.44.0-win32-x64\jre\21.0.8-win32-x86_64\bin\verify.dll
Event: 4.689 Loaded shared library C:\Users\LENOVO\AppData\Roaming\Cursor\User\globalStorage\redhat.java\1.44.0\config_win\org.eclipse.equinox.launcher\org.eclipse.equinox.launcher.win32.win32.x86_64_1.2.1400.v20250730-1736\eclipse_11913.dll
Event: 13.063 Loaded shared library C:\Users\LENOVO\AppData\Local\Temp\jna--2053026509\jna16068553771521232581.dll
Event: 47.940 Loaded shared library C:\Users\LENOVO\.gradle\native\1def1411415f61bf3af743bc5b6707747c0891f09f0c88961ee8f79bc544acac\windows-amd64\native-platform.dll
Event: 53.051 Loaded shared library C:\Users\LENOVO\.cursor\extensions\redhat.java-1.44.0-win32-x64\jre\21.0.8-win32-x86_64\bin\management.dll
Event: 53.070 Loaded shared library C:\Users\LENOVO\.cursor\extensions\redhat.java-1.44.0-win32-x64\jre\21.0.8-win32-x86_64\bin\management_ext.dll

Deoptimization events (20 events):
Event: 72.685 Thread 0x000002395957c2b0 Uncommon trap: trap_request=0xffffff45 fr.pc=0x000002390837f138 relative=0x00000000000000f8
Event: 72.685 Thread 0x000002395957c2b0 Uncommon trap: reason=unstable_if action=reinterpret pc=0x000002390837f138 method=org.eclipse.jdt.internal.compiler.util.Util.isClassFileName(Ljava/lang/String;)Z @ 67 c2
Event: 72.685 Thread 0x000002395957c2b0 DEOPT PACKING pc=0x000002390837f138 sp=0x000000d7fb6ff3b0
Event: 72.685 Thread 0x000002395957c2b0 DEOPT UNPACKING pc=0x0000023907583aa2 sp=0x000000d7fb6ff330 mode 2
Event: 74.184 Thread 0x000002395957c2b0 Uncommon trap: trap_request=0xffffff45 fr.pc=0x000002390819b2f8 relative=0x0000000000000498
Event: 74.184 Thread 0x000002395957c2b0 Uncommon trap: reason=unstable_if action=reinterpret pc=0x000002390819b2f8 method=org.eclipse.jdt.internal.compiler.classfmt.MethodInfo.decodeMethodAnnotations(IZLorg/eclipse/jdt/internal/compiler/classfmt/MethodInfo;)[Lorg/eclipse/jdt/internal/compiler/c
Event: 74.184 Thread 0x000002395957c2b0 DEOPT PACKING pc=0x000002390819b2f8 sp=0x000000d7fb6fefa0
Event: 74.184 Thread 0x000002395957c2b0 DEOPT UNPACKING pc=0x0000023907583aa2 sp=0x000000d7fb6fef38 mode 2
Event: 74.559 Thread 0x000002395957c2b0 Uncommon trap: trap_request=0xffffff45 fr.pc=0x000002390841e178 relative=0x0000000000000578
Event: 74.559 Thread 0x000002395957c2b0 Uncommon trap: reason=unstable_if action=reinterpret pc=0x000002390841e178 method=org.eclipse.jdt.internal.compiler.parser.Scanner.internalScanIdentifierOrKeyword(II[C)Lorg/eclipse/jdt/internal/compiler/parser/TerminalToken; @ 3605 c2
Event: 74.559 Thread 0x000002395957c2b0 DEOPT PACKING pc=0x000002390841e178 sp=0x000000d7fb6ff2c0
Event: 74.559 Thread 0x000002395957c2b0 DEOPT UNPACKING pc=0x0000023907583aa2 sp=0x000000d7fb6ff250 mode 2
Event: 76.936 Thread 0x000002395957c2b0 Uncommon trap: trap_request=0xffffff45 fr.pc=0x0000023908322130 relative=0x0000000000001730
Event: 76.936 Thread 0x000002395957c2b0 Uncommon trap: reason=unstable_if action=reinterpret pc=0x0000023908322130 method=org.eclipse.jdt.internal.compiler.classfmt.FieldInfo.createField([B[IIJ)Lorg/eclipse/jdt/internal/compiler/classfmt/FieldInfo; @ 259 c2
Event: 76.936 Thread 0x000002395957c2b0 DEOPT PACKING pc=0x0000023908322130 sp=0x000000d7fb6ff020
Event: 76.936 Thread 0x000002395957c2b0 DEOPT UNPACKING pc=0x0000023907583aa2 sp=0x000000d7fb6fefa8 mode 2
Event: 97.275 Thread 0x000002395957c2b0 Uncommon trap: trap_request=0xffffff45 fr.pc=0x000002390842db6c relative=0x000000000000106c
Event: 97.275 Thread 0x000002395957c2b0 Uncommon trap: reason=unstable_if action=reinterpret pc=0x000002390842db6c method=org.eclipse.jdt.internal.compiler.parser.Scanner.internalScanIdentifierOrKeyword(II[C)Lorg/eclipse/jdt/internal/compiler/parser/TerminalToken; @ 3360 c2
Event: 97.275 Thread 0x000002395957c2b0 DEOPT PACKING pc=0x000002390842db6c sp=0x000000d7fb6ff2c0
Event: 97.275 Thread 0x000002395957c2b0 DEOPT UNPACKING pc=0x0000023907583aa2 sp=0x000000d7fb6ff250 mode 2

Classes loaded (20 events):
Event: 56.679 Loading class java/util/Collections$SynchronizedRandomAccessList
Event: 56.680 Loading class java/util/Collections$SynchronizedList
Event: 56.682 Loading class java/util/Collections$SynchronizedList done
Event: 56.682 Loading class java/util/Collections$SynchronizedRandomAccessList done
Event: 56.736 Loading class java/util/concurrent/CompletableFuture$Signaller
Event: 56.737 Loading class java/util/concurrent/CompletableFuture$Signaller done
Event: 57.235 Loading class java/nio/charset/CharacterCodingException
Event: 57.237 Loading class java/nio/charset/CharacterCodingException done
Event: 57.237 Loading class java/io/SequenceInputStream
Event: 57.239 Loading class java/io/SequenceInputStream done
Event: 57.859 Loading class java/util/Hashtable$KeySet
Event: 57.860 Loading class java/util/Hashtable$KeySet done
Event: 57.958 Loading class java/util/stream/DistinctOps
Event: 57.959 Loading class java/util/stream/DistinctOps done
Event: 57.959 Loading class java/util/stream/DistinctOps$1
Event: 57.959 Loading class java/util/stream/DistinctOps$1 done
Event: 57.970 Loading class java/util/stream/DistinctOps$1$2
Event: 57.971 Loading class java/util/stream/DistinctOps$1$2 done
Event: 58.449 Loading class jdk/internal/module/IllegalAccessLogger
Event: 58.449 Loading class jdk/internal/module/IllegalAccessLogger done

Classes unloaded (20 events):
Event: 15.628 Thread 0x0000023977550750 Unloading class 0x00000239141a8800 'java/lang/invoke/LambdaForm$MH+0x00000239141a8800'
Event: 15.628 Thread 0x0000023977550750 Unloading class 0x00000239141a8400 'java/lang/invoke/LambdaForm$MH+0x00000239141a8400'
Event: 15.628 Thread 0x0000023977550750 Unloading class 0x00000239141a8000 'java/lang/invoke/LambdaForm$MH+0x00000239141a8000'
Event: 15.628 Thread 0x0000023977550750 Unloading class 0x00000239141a7c00 'java/lang/invoke/LambdaForm$MH+0x00000239141a7c00'
Event: 15.628 Thread 0x0000023977550750 Unloading class 0x00000239141a7800 'java/lang/invoke/LambdaForm$BMH+0x00000239141a7800'
Event: 15.628 Thread 0x0000023977550750 Unloading class 0x00000239141a7400 'java/lang/invoke/LambdaForm$DMH+0x00000239141a7400'
Event: 15.628 Thread 0x0000023977550750 Unloading class 0x00000239141a6000 'java/lang/invoke/LambdaForm$DMH+0x00000239141a6000'
Event: 21.573 Thread 0x0000023977550750 Unloading class 0x00000239142ea000 'java/lang/invoke/LambdaForm$MH+0x00000239142ea000'
Event: 21.573 Thread 0x0000023977550750 Unloading class 0x00000239142e9800 'java/lang/invoke/LambdaForm$MH+0x00000239142e9800'
Event: 21.573 Thread 0x0000023977550750 Unloading class 0x00000239142e9000 'java/lang/invoke/LambdaForm$MH+0x00000239142e9000'
Event: 21.573 Thread 0x0000023977550750 Unloading class 0x00000239142e8800 'java/lang/invoke/LambdaForm$MH+0x00000239142e8800'
Event: 21.573 Thread 0x0000023977550750 Unloading class 0x00000239142e8400 'java/lang/invoke/LambdaForm$DMH+0x00000239142e8400'
Event: 21.573 Thread 0x0000023977550750 Unloading class 0x00000239142e7c00 'java/lang/invoke/LambdaForm$MH+0x00000239142e7c00'
Event: 21.573 Thread 0x0000023977550750 Unloading class 0x00000239142e4400 'java/lang/invoke/LambdaForm$MH+0x00000239142e4400'
Event: 21.573 Thread 0x0000023977550750 Unloading class 0x00000239142e3800 'java/lang/invoke/LambdaForm$MH+0x00000239142e3800'
Event: 21.573 Thread 0x0000023977550750 Unloading class 0x00000239142e3000 'java/lang/invoke/LambdaForm$MH+0x00000239142e3000'
Event: 21.573 Thread 0x0000023977550750 Unloading class 0x00000239142e2c00 'java/lang/invoke/LambdaForm$MH+0x00000239142e2c00'
Event: 21.573 Thread 0x0000023977550750 Unloading class 0x00000239142e2400 'java/lang/invoke/LambdaForm$MH+0x00000239142e2400'
Event: 21.573 Thread 0x0000023977550750 Unloading class 0x00000239142e1c00 'java/lang/invoke/LambdaForm$MH+0x00000239142e1c00'
Event: 21.573 Thread 0x0000023977550750 Unloading class 0x00000239142e1000 'java/lang/invoke/LambdaForm$MH+0x00000239142e1000'

Classes redefined (0 events):
No events

Internal exceptions (20 events):
Event: 84.914 Thread 0x000002395957c2b0 Exception <a 'sun/nio/fs/WindowsException'{0x00000000d5815cd8}> (0x00000000d5815cd8) 
thrown [s\src\hotspot\share\prims\jni.cpp, line 520]
Event: 85.973 Thread 0x000002395957c2b0 Exception <a 'sun/nio/fs/WindowsException'{0x00000000d55ccf00}> (0x00000000d55ccf00) 
thrown [s\src\hotspot\share\prims\jni.cpp, line 520]
Event: 86.016 Thread 0x000002395957c2b0 Exception <a 'sun/nio/fs/WindowsException'{0x00000000d5874170}> (0x00000000d5874170) 
thrown [s\src\hotspot\share\prims\jni.cpp, line 520]
Event: 91.087 Thread 0x000002395957c2b0 Exception <a 'sun/nio/fs/WindowsException'{0x00000000d568c660}> (0x00000000d568c660) 
thrown [s\src\hotspot\share\prims\jni.cpp, line 520]
Event: 92.118 Thread 0x000002395957c2b0 Exception <a 'sun/nio/fs/WindowsException'{0x00000000d56b6040}> (0x00000000d56b6040) 
thrown [s\src\hotspot\share\prims\jni.cpp, line 520]
Event: 96.226 Thread 0x000002395957c2b0 Exception <a 'sun/nio/fs/WindowsException'{0x00000000d584a1c0}> (0x00000000d584a1c0) 
thrown [s\src\hotspot\share\prims\jni.cpp, line 520]
Event: 96.345 Thread 0x000002395957c2b0 Exception <a 'sun/nio/fs/WindowsException'{0x00000000d565f908}> (0x00000000d565f908) 
thrown [s\src\hotspot\share\prims\jni.cpp, line 520]
Event: 96.452 Thread 0x000002395957c2b0 Exception <a 'sun/nio/fs/WindowsException'{0x00000000d58b2fc8}> (0x00000000d58b2fc8) 
thrown [s\src\hotspot\share\prims\jni.cpp, line 520]
Event: 96.568 Thread 0x000002395957c2b0 Exception <a 'sun/nio/fs/WindowsException'{0x00000000d583de98}> (0x00000000d583de98) 
thrown [s\src\hotspot\share\prims\jni.cpp, line 520]
Event: 96.644 Thread 0x000002395957c2b0 Exception <a 'sun/nio/fs/WindowsException'{0x00000000d58fa6a0}> (0x00000000d58fa6a0) 
thrown [s\src\hotspot\share\prims\jni.cpp, line 520]
Event: 97.048 Thread 0x000002395957c2b0 Exception <a 'sun/nio/fs/WindowsException'{0x00000000d56f55b8}> (0x00000000d56f55b8) 
thrown [s\src\hotspot\share\prims\jni.cpp, line 520]
Event: 97.114 Thread 0x000002395957c2b0 Exception <a 'sun/nio/fs/WindowsException'{0x00000000d57314c0}> (0x00000000d57314c0) 
thrown [s\src\hotspot\share\prims\jni.cpp, line 520]
Event: 97.188 Thread 0x000002395957c2b0 Exception <a 'sun/nio/fs/WindowsException'{0x00000000d58dc6b8}> (0x00000000d58dc6b8) 
thrown [s\src\hotspot\share\prims\jni.cpp, line 520]
Event: 97.353 Thread 0x000002395957c2b0 Exception <a 'sun/nio/fs/WindowsException'{0x00000000d565e110}> (0x00000000d565e110) 
thrown [s\src\hotspot\share\prims\jni.cpp, line 520]
Event: 97.471 Thread 0x000002395957c2b0 Exception <a 'sun/nio/fs/WindowsException'{0x00000000d558a1f8}> (0x00000000d558a1f8) 
thrown [s\src\hotspot\share\prims\jni.cpp, line 520]
Event: 97.543 Thread 0x000002395957c2b0 Exception <a 'sun/nio/fs/WindowsException'{0x00000000d56e4c30}> (0x00000000d56e4c30) 
thrown [s\src\hotspot\share\prims\jni.cpp, line 520]
Event: 97.558 Thread 0x000002395957c2b0 Exception <a 'sun/nio/fs/WindowsException'{0x00000000d5703ab8}> (0x00000000d5703ab8) 
thrown [s\src\hotspot\share\prims\jni.cpp, line 520]
Event: 97.599 Thread 0x000002395957c2b0 Exception <a 'sun/nio/fs/WindowsException'{0x00000000d5767d78}> (0x00000000d5767d78) 
thrown [s\src\hotspot\share\prims\jni.cpp, line 520]
Event: 97.789 Thread 0x000002395957c2b0 Exception <a 'sun/nio/fs/WindowsException'{0x00000000d58936e0}> (0x00000000d58936e0) 
thrown [s\src\hotspot\share\prims\jni.cpp, line 520]
Event: 97.838 Thread 0x000002395957c2b0 Exception <a 'sun/nio/fs/WindowsException'{0x00000000d5641ee0}> (0x00000000d5641ee0) 
thrown [s\src\hotspot\share\prims\jni.cpp, line 520]

ZGC Phase Switch (0 events):
No events

VM Operations (20 events):
Event: 97.688 Executing VM operation: ParallelGCFailedAllocation (Allocation Failure)
Event: 97.692 Executing VM operation: ParallelGCFailedAllocation (Allocation Failure) done
Event: 97.706 Executing VM operation: ParallelGCFailedAllocation (Allocation Failure)
Event: 97.709 Executing VM operation: ParallelGCFailedAllocation (Allocation Failure) done
Event: 97.721 Executing VM operation: ParallelGCFailedAllocation (Allocation Failure)
Event: 97.724 Executing VM operation: ParallelGCFailedAllocation (Allocation Failure) done
Event: 97.802 Executing VM operation: ParallelGCFailedAllocation (Allocation Failure)
Event: 97.805 Executing VM operation: ParallelGCFailedAllocation (Allocation Failure) done
Event: 97.861 Executing VM operation: ParallelGCFailedAllocation (Allocation Failure)
Event: 97.866 Executing VM operation: ParallelGCFailedAllocation (Allocation Failure) done
Event: 97.884 Executing VM operation: ParallelGCFailedAllocation (Allocation Failure)
Event: 97.888 Executing VM operation: ParallelGCFailedAllocation (Allocation Failure) done
Event: 97.903 Executing VM operation: ParallelGCFailedAllocation (Allocation Failure)
Event: 97.906 Executing VM operation: ParallelGCFailedAllocation (Allocation Failure) done
Event: 97.921 Executing VM operation: ParallelGCFailedAllocation (Allocation Failure)
Event: 97.925 Executing VM operation: ParallelGCFailedAllocation (Allocation Failure) done
Event: 97.942 Executing VM operation: ParallelGCFailedAllocation (Allocation Failure)
Event: 97.946 Executing VM operation: ParallelGCFailedAllocation (Allocation Failure) done
Event: 97.963 Executing VM operation: ParallelGCFailedAllocation (Allocation Failure)
Event: 97.969 Executing VM operation: ParallelGCFailedAllocation (Allocation Failure) done

Memory protections (0 events):
No events

Nmethod flushes (20 events):
Event: 37.771 Thread 0x0000023977550750 flushing  nmethod 0x00000239008d4490
Event: 37.771 Thread 0x0000023977550750 flushing  nmethod 0x00000239008d4890
Event: 37.771 Thread 0x0000023977550750 flushing  nmethod 0x00000239008d9810
Event: 37.771 Thread 0x0000023977550750 flushing  nmethod 0x00000239008dfd10
Event: 37.771 Thread 0x0000023977550750 flushing  nmethod 0x00000239008e0810
Event: 37.771 Thread 0x0000023977550750 flushing  nmethod 0x00000239008e1110
Event: 37.771 Thread 0x0000023977550750 flushing  nmethod 0x00000239008e1610
Event: 37.771 Thread 0x0000023977550750 flushing  nmethod 0x00000239008e7390
Event: 37.771 Thread 0x0000023977550750 flushing  nmethod 0x00000239008e7b90
Event: 37.771 Thread 0x0000023977550750 flushing  nmethod 0x00000239008e7f10
Event: 37.771 Thread 0x0000023977550750 flushing  nmethod 0x00000239008e8d10
Event: 37.771 Thread 0x0000023977550750 flushing  nmethod 0x00000239008e9110
Event: 37.771 Thread 0x0000023977550750 flushing  nmethod 0x00000239008e9490
Event: 37.771 Thread 0x0000023977550750 flushing  nmethod 0x00000239008e9a10
Event: 37.771 Thread 0x0000023977550750 flushing  nmethod 0x00000239008e9e10
Event: 37.771 Thread 0x0000023977550750 flushing  nmethod 0x00000239008ea910
Event: 37.771 Thread 0x0000023977550750 flushing  nmethod 0x00000239008f5b10
Event: 37.771 Thread 0x0000023977550750 flushing  nmethod 0x00000239008f7090
Event: 37.771 Thread 0x0000023977550750 flushing  nmethod 0x00000239008f9f90
Event: 37.771 Thread 0x0000023977550750 flushing  nmethod 0x0000023900946b90

Events (20 events):
Event: 36.364 Thread 0x00000239595794c0 Thread added: 0x000002395b08e620
Event: 36.530 Thread 0x00000239595794c0 Thread added: 0x000002395b08ecb0
Event: 36.715 Thread 0x00000239595794c0 Thread added: 0x000002395b08f340
Event: 37.043 Thread 0x00000239595794c0 Thread added: 0x000002395b08df90
Event: 37.053 Thread 0x00000239595794c0 Thread added: 0x000002395b08f9d0
Event: 37.068 Thread 0x00000239595794c0 Thread added: 0x000002395b090060
Event: 37.084 Thread 0x00000239595794c0 Thread added: 0x000002395b08cbe0
Event: 37.113 Thread 0x00000239595794c0 Thread added: 0x000002395b0906f0
Event: 44.769 Thread 0x0000023959850010 Thread exited: 0x0000023959850010
Event: 45.460 Thread 0x00000239595794c0 Thread added: 0x000002395b023e80
Event: 45.815 Thread 0x00000239595794c0 Thread added: 0x000002395b025230
Event: 49.792 Thread 0x0000023959e89200 Thread exited: 0x0000023959e89200
Event: 49.870 Thread 0x000002397d2ef720 Thread added: 0x000002395964e060
Event: 51.041 Thread 0x000002395964e060 Thread exited: 0x000002395964e060
Event: 53.396 Thread 0x000002395b025230 Thread exited: 0x000002395b025230
Event: 58.182 Thread 0x000002395957a1e0 Thread added: 0x000002395b025f50
Event: 59.257 Thread 0x000002397d2ef720 Thread added: 0x0000023959651db0
Event: 59.731 Thread 0x000002397d2ecc80 Thread added: 0x000002395964ee00
Event: 65.075 Thread 0x000002395964ee00 Thread exited: 0x000002395964ee00
Event: 66.045 Thread 0x0000023959651db0 Thread exited: 0x0000023959651db0


Dynamic libraries:
0x00007ff78b5e0000 - 0x00007ff78b5ee000 	c:\Users\LENOVO\.cursor\extensions\redhat.java-1.44.0-win32-x64\jre\21.0.8-win32-x86_64\bin\java.exe
0x00007ffc0eea0000 - 0x00007ffc0f107000 	C:\WINDOWS\SYSTEM32\ntdll.dll
0x00007ffc0e9a0000 - 0x00007ffc0ea69000 	C:\WINDOWS\System32\KERNEL32.DLL
0x00007ffc0c370000 - 0x00007ffc0c760000 	C:\WINDOWS\System32\KERNELBASE.dll
0x00007ffc0c810000 - 0x00007ffc0c95b000 	C:\WINDOWS\System32\ucrtbase.dll
0x00007ffba19e0000 - 0x00007ffba19f8000 	c:\Users\LENOVO\.cursor\extensions\redhat.java-1.44.0-win32-x64\jre\21.0.8-win32-x86_64\bin\jli.dll
0x00007ffba19c0000 - 0x00007ffba19de000 	c:\Users\LENOVO\.cursor\extensions\redhat.java-1.44.0-win32-x64\jre\21.0.8-win32-x86_64\bin\VCRUNTIME140.dll
0x00007ffc0de40000 - 0x00007ffc0e005000 	C:\WINDOWS\System32\USER32.dll
0x00007ffbf7560000 - 0x00007ffbf77fa000 	C:\WINDOWS\WinSxS\amd64_microsoft.windows.common-controls_6595b64144ccf1df_6.0.26100.4768_none_3e0c112ce331287c\COMCTL32.dll
0x00007ffc0bfd0000 - 0x00007ffc0bff7000 	C:\WINDOWS\System32\win32u.dll
0x00007ffc0d3d0000 - 0x00007ffc0d479000 	C:\WINDOWS\System32\msvcrt.dll
0x00007ffc0ee30000 - 0x00007ffc0ee5b000 	C:\WINDOWS\System32\GDI32.dll
0x00007ffc0c0b0000 - 0x00007ffc0c1e8000 	C:\WINDOWS\System32\gdi32full.dll
0x00007ffc0c000000 - 0x00007ffc0c0a3000 	C:\WINDOWS\System32\msvcp_win.dll
0x00007ffc0ea80000 - 0x00007ffc0eaaf000 	C:\WINDOWS\System32\IMM32.DLL
0x00007ffbfb230000 - 0x00007ffbfb23c000 	c:\Users\LENOVO\.cursor\extensions\redhat.java-1.44.0-win32-x64\jre\21.0.8-win32-x86_64\bin\vcruntime140_1.dll
0x00007ffb52c00000 - 0x00007ffb52c8d000 	c:\Users\LENOVO\.cursor\extensions\redhat.java-1.44.0-win32-x64\jre\21.0.8-win32-x86_64\bin\msvcp140.dll
0x00007ffb26e80000 - 0x00007ffb27c17000 	c:\Users\LENOVO\.cursor\extensions\redhat.java-1.44.0-win32-x64\jre\21.0.8-win32-x86_64\bin\server\jvm.dll
0x00007ffc0d1f0000 - 0x00007ffc0d2a4000 	C:\WINDOWS\System32\ADVAPI32.dll
0x00007ffc0e560000 - 0x00007ffc0e606000 	C:\WINDOWS\System32\sechost.dll
0x00007ffc0d2b0000 - 0x00007ffc0d3c8000 	C:\WINDOWS\System32\RPCRT4.dll
0x00007ffc0eac0000 - 0x00007ffc0eb34000 	C:\WINDOWS\System32\WS2_32.dll
0x00007ffc0be30000 - 0x00007ffc0be8e000 	C:\WINDOWS\SYSTEM32\POWRPROF.dll
0x00007ffc051c0000 - 0x00007ffc051f5000 	C:\WINDOWS\SYSTEM32\WINMM.dll
0x00007ffc05250000 - 0x00007ffc0525b000 	C:\WINDOWS\SYSTEM32\VERSION.dll
0x00007ffc0be10000 - 0x00007ffc0be24000 	C:\WINDOWS\SYSTEM32\UMPDC.dll
0x00007ffc0ad10000 - 0x00007ffc0ad2b000 	C:\WINDOWS\SYSTEM32\kernel.appcore.dll
0x00007ffbfb190000 - 0x00007ffbfb19a000 	c:\Users\LENOVO\.cursor\extensions\redhat.java-1.44.0-win32-x64\jre\21.0.8-win32-x86_64\bin\jimage.dll
0x00007ffbfe9a0000 - 0x00007ffbfebe1000 	C:\WINDOWS\SYSTEM32\DBGHELP.DLL
0x00007ffc0e610000 - 0x00007ffc0e995000 	C:\WINDOWS\System32\combase.dll
0x00007ffc0e010000 - 0x00007ffc0e0f0000 	C:\WINDOWS\System32\OLEAUT32.dll
0x00007ffbf89d0000 - 0x00007ffbf8a13000 	C:\WINDOWS\SYSTEM32\dbgcore.DLL
0x00007ffc0c770000 - 0x00007ffc0c809000 	C:\WINDOWS\System32\bcryptPrimitives.dll
0x00007ffbeda60000 - 0x00007ffbeda6f000 	c:\Users\LENOVO\.cursor\extensions\redhat.java-1.44.0-win32-x64\jre\21.0.8-win32-x86_64\bin\instrument.dll
0x00007ffb47ca0000 - 0x00007ffb47cbf000 	c:\Users\LENOVO\.cursor\extensions\redhat.java-1.44.0-win32-x64\jre\21.0.8-win32-x86_64\bin\java.dll
0x00007ffc0d480000 - 0x00007ffc0dbcd000 	C:\WINDOWS\System32\SHELL32.dll
0x00007ffc0cab0000 - 0x00007ffc0cc23000 	C:\WINDOWS\System32\wintypes.dll
0x00007ffc09b90000 - 0x00007ffc0a3ef000 	C:\WINDOWS\SYSTEM32\windows.storage.dll
0x00007ffc0ec30000 - 0x00007ffc0ed25000 	C:\WINDOWS\System32\SHCORE.dll
0x00007ffc0ddd0000 - 0x00007ffc0de3a000 	C:\WINDOWS\System32\shlwapi.dll
0x00007ffc0bef0000 - 0x00007ffc0bf19000 	C:\WINDOWS\SYSTEM32\profapi.dll
0x00007ffb47c80000 - 0x00007ffb47c98000 	c:\Users\LENOVO\.cursor\extensions\redhat.java-1.44.0-win32-x64\jre\21.0.8-win32-x86_64\bin\zip.dll
0x00007ffbee930000 - 0x00007ffbee940000 	C:\Users\LENOVO\.cursor\extensions\redhat.java-1.44.0-win32-x64\jre\21.0.8-win32-x86_64\bin\net.dll
0x00007ffc021b0000 - 0x00007ffc022ce000 	C:\WINDOWS\SYSTEM32\WINHTTP.dll
0x00007ffc0b280000 - 0x00007ffc0b2eb000 	C:\WINDOWS\system32\mswsock.dll
0x00007ffb47c60000 - 0x00007ffb47c76000 	C:\Users\LENOVO\.cursor\extensions\redhat.java-1.44.0-win32-x64\jre\21.0.8-win32-x86_64\bin\nio.dll
0x00007ffbbdb90000 - 0x00007ffbbdba0000 	c:\Users\LENOVO\.cursor\extensions\redhat.java-1.44.0-win32-x64\jre\21.0.8-win32-x86_64\bin\verify.dll
0x00007ffb2fd00000 - 0x00007ffb2fd45000 	C:\Users\LENOVO\AppData\Roaming\Cursor\User\globalStorage\redhat.java\1.44.0\config_win\org.eclipse.equinox.launcher\org.eclipse.equinox.launcher.win32.win32.x86_64_1.2.1400.v20250730-1736\eclipse_11913.dll
0x00007ffc0e3b0000 - 0x00007ffc0e550000 	C:\WINDOWS\System32\ole32.dll
0x00007ffc0b660000 - 0x00007ffc0b67b000 	C:\WINDOWS\SYSTEM32\CRYPTSP.dll
0x00007ffc0ac70000 - 0x00007ffc0acab000 	C:\WINDOWS\system32\rsaenh.dll
0x00007ffc0b320000 - 0x00007ffc0b34b000 	C:\WINDOWS\SYSTEM32\USERENV.dll
0x00007ffc0bec0000 - 0x00007ffc0bee6000 	C:\WINDOWS\SYSTEM32\bcrypt.dll
0x00007ffc0b4c0000 - 0x00007ffc0b4cc000 	C:\WINDOWS\SYSTEM32\CRYPTBASE.dll
0x00007ffc0a700000 - 0x00007ffc0a733000 	C:\WINDOWS\SYSTEM32\IPHLPAPI.DLL
0x00007ffc0cc30000 - 0x00007ffc0cc3a000 	C:\WINDOWS\System32\NSI.dll
0x00007ffb2fcb0000 - 0x00007ffb2fcf9000 	C:\Users\LENOVO\AppData\Local\Temp\jna--2053026509\jna16068553771521232581.dll
0x00007ffc0e100000 - 0x00007ffc0e108000 	C:\WINDOWS\System32\PSAPI.DLL
0x00007ffc02180000 - 0x00007ffc0219f000 	C:\WINDOWS\SYSTEM32\dhcpcsvc6.DLL
0x00007ffc02150000 - 0x00007ffc02175000 	C:\WINDOWS\SYSTEM32\dhcpcsvc.DLL
0x00007ffbbd410000 - 0x00007ffbbd437000 	C:\Users\LENOVO\.gradle\native\1def1411415f61bf3af743bc5b6707747c0891f09f0c88961ee8f79bc544acac\windows-amd64\native-platform.dll
0x00007ffbe0bc0000 - 0x00007ffbe0bca000 	C:\Users\LENOVO\.cursor\extensions\redhat.java-1.44.0-win32-x64\jre\21.0.8-win32-x86_64\bin\management.dll
0x00007ffbc2880000 - 0x00007ffbc288b000 	C:\Users\LENOVO\.cursor\extensions\redhat.java-1.44.0-win32-x64\jre\21.0.8-win32-x86_64\bin\management_ext.dll

JVMTI agents:
c:\Users\LENOVO\.cursor\extensions\redhat.java-1.44.0-win32-x64\lombok\lombok-1.18.39-4050.jar path:c:\Users\LENOVO\.cursor\extensions\redhat.java-1.44.0-win32-x64\jre\21.0.8-win32-x86_64\bin\instrument.dll, loaded, initialized, instrumentlib options:none

dbghelp: loaded successfully - version: 4.0.5 - missing functions: none
symbol engine: initialized successfully - sym options: 0x614 - pdb path: .;c:\Users\LENOVO\.cursor\extensions\redhat.java-1.44.0-win32-x64\jre\21.0.8-win32-x86_64\bin;C:\WINDOWS\SYSTEM32;C:\WINDOWS\WinSxS\amd64_microsoft.windows.common-controls_6595b64144ccf1df_6.0.26100.4768_none_3e0c112ce331287c;c:\Users\LENOVO\.cursor\extensions\redhat.java-1.44.0-win32-x64\jre\21.0.8-win32-x86_64\bin\server;C:\Users\LENOVO\AppData\Roaming\Cursor\User\globalStorage\redhat.java\1.44.0\config_win\org.eclipse.equinox.launcher\org.eclipse.equinox.launcher.win32.win32.x86_64_1.2.1400.v20250730-1736;C:\Users\LENOVO\AppData\Local\Temp\jna--2053026509;C:\Users\LENOVO\.gradle\native\1def1411415f61bf3af743bc5b6707747c0891f09f0c88961ee8f79bc544acac\windows-amd64

VM Arguments:
jvm_args: --add-modules=ALL-SYSTEM --add-opens=java.base/java.util=ALL-UNNAMED --add-opens=java.base/java.lang=ALL-UNNAMED --add-opens=java.base/sun.nio.fs=ALL-UNNAMED -Declipse.application=org.eclipse.jdt.ls.core.id1 -Dosgi.bundles.defaultStartLevel=4 -Declipse.product=org.eclipse.jdt.ls.core.product -Djava.import.generatesMetadataFilesAtProjectRoot=false -DDetectVMInstallationsJob.disabled=true -Dfile.encoding=utf8 -XX:+UseParallelGC -XX:GCTimeRatio=4 -XX:AdaptiveSizePolicyWeight=90 -Dsun.zip.disableMemoryMapping=true -Xmx2G -Xms100m -Xlog:disable -javaagent:c:\Users\LENOVO\.cursor\extensions\redhat.java-1.44.0-win32-x64\lombok\lombok-1.18.39-4050.jar -XX:+HeapDumpOnOutOfMemoryError -XX:HeapDumpPath=c:\Users\LENOVO\AppData\Roaming\Cursor\User\workspaceStorage\1baef6df04993292a9366d1574bcb784\redhat.java -Daether.dependencyCollector.impl=bf 
java_command: c:\Users\LENOVO\.cursor\extensions\redhat.java-1.44.0-win32-x64\server\plugins\org.eclipse.equinox.launcher_1.7.0.v20250519-0528.jar -configuration c:\Users\LENOVO\AppData\Roaming\Cursor\User\globalStorage\redhat.java\1.44.0\config_win -data c:\Users\LENOVO\AppData\Roaming\Cursor\User\workspaceStorage\1baef6df04993292a9366d1574bcb784\redhat.java\jdt_ws --pipe=\\.\pipe\lsp-0d9654277b7c7c4b9b89329c8431c40b-sock
java_class_path (initial): c:\Users\LENOVO\.cursor\extensions\redhat.java-1.44.0-win32-x64\server\plugins\org.eclipse.equinox.launcher_1.7.0.v20250519-0528.jar
Launcher Type: SUN_STANDARD

[Global flags]
    uintx AdaptiveSizePolicyWeight                 = 90                                        {product} {command line}
     intx CICompilerCount                          = 4                                         {product} {ergonomic}
    uintx GCTimeRatio                              = 4                                         {product} {command line}
     bool HeapDumpOnOutOfMemoryError               = true                                   {manageable} {command line}
    ccstr HeapDumpPath                             = c:\Users\LENOVO\AppData\Roaming\Cursor\User\workspaceStorage\1baef6df04993292a9366d1574bcb784\redhat.java         {manageable} {command line}
   size_t InitialHeapSize                          = 104857600                                 {product} {command line}
   size_t MaxHeapSize                              = 2147483648                                {product} {command line}
   size_t MaxNewSize                               = 715653120                                 {product} {ergonomic}
   size_t MinHeapDeltaBytes                        = 524288                                    {product} {ergonomic}
   size_t MinHeapSize                              = 104857600                                 {product} {command line}
   size_t NewSize                                  = 34603008                                  {product} {ergonomic}
    uintx NonNMethodCodeHeapSize                   = 5839372                                {pd product} {ergonomic}
    uintx NonProfiledCodeHeapSize                  = 122909434                              {pd product} {ergonomic}
   size_t OldSize                                  = 70254592                                  {product} {ergonomic}
    uintx ProfiledCodeHeapSize                     = 122909434                              {pd product} {ergonomic}
    uintx ReservedCodeCacheSize                    = 251658240                              {pd product} {ergonomic}
     bool SegmentedCodeCache                       = true                                      {product} {ergonomic}
   size_t SoftMaxHeapSize                          = 2147483648                             {manageable} {ergonomic}
     bool UseCompressedOops                        = true                           {product lp64_product} {ergonomic}
     bool UseLargePagesIndividualAllocation        = false                                  {pd product} {ergonomic}
     bool UseParallelGC                            = true                                      {product} {command line}

Logging:
Log output configuration:
 #0: stdout all=off uptime,level,tags foldmultilines=false
 #1: stderr all=off uptime,level,tags foldmultilines=false

Environment Variables:
JAVA_HOME=C:\Program Files\Eclipse Adoptium\jdk-17.0.12.7-hotspot\
PATH=C:\Program Files\Git\cmd;C:\Program Files\nodejs\;C:\Users\LENOVO\AppData\Roaming\npm;C:\Program Files\nodejs\;C:\Users\LENOVO\Downloads\apache-maven-3.9.9-bin\apache-maven-3.9.9\bin;C:\Users\LENOVO\AppData\Local\Programs\cursor\resources\app\bin;C:\Users\LENOVO\AppData\Local\Programs\Microsoft VS Code\bin;C:\Users\LENOVO\AppData\Roaming\npm;C:\Windows\System32;C:\Program Files\Microsoft SQL Server\Client SDK\ODBC\170\Tools\Binn\;C:\Program Files\dotnet\;C:\Program Files\Microsoft SQL Server\Client SDK\ODBC\130\Tools\Binn\;C:\Program Files\Microsoft SQL Server\150\Tools\Binn\;C:\Users\LENOVO\Downloads\apache-maven-3.9.9-bin\apache-maven-3.9.9\bin;C:\Users\LENOVO\AppData\Roaming\npm;C:\Users\LENOVO\AppData\Local\Programs\Microsoft VS Code\bin;C:\Users\LENOVO\.dotnet\tools;C:\Users\LENOVO\AppData\Local\Programs\Windsurf\bin;C:\Users\LENOVO\AppData\Local\Programs\cursor\resources\app\bin
USERNAME=LENOVO
OS=Windows_NT
PROCESSOR_IDENTIFIER=AMD64 Family 23 Model 104 Stepping 1, AuthenticAMD
TMP=C:\Users\LENOVO\AppData\Local\Temp
TEMP=C:\Users\LENOVO\AppData\Local\Temp




Periodic native trim disabled

---------------  S Y S T E M  ---------------

OS:
 Windows 11 , 64 bit Build 26100 (10.0.26100.4768)
OS uptime: 0 days 2:19 hours
Hyper-V role detected

CPU: total 12 (initial active 12) (12 cores per cpu, 2 threads per core) family 23 model 104 stepping 1 microcode 0x8608109, cx8, cmov, fxsr, ht, mmx, 3dnowpref, sse, sse2, sse3, ssse3, sse4a, sse4.1, sse4.2, popcnt, lzcnt, tsc, tscinvbit, avx, avx2, aes, clmul, bmi1, bmi2, adx, sha, fma, vzeroupper, clflush, clflushopt, hv, rdtscp, rdpid, f16c
Processor Information for the first 12 processors :
  Max Mhz: 2100, Current Mhz: 1700, Mhz Limit: 2100

Memory: 4k page, system-wide physical 5989M (393M free)
TotalPageFile size 24421M (AvailPageFile size 3M)
current process WorkingSet (physical memory assigned to process): 895M, peak: 925M
current process commit charge ("private bytes"): 1068M, peak: 1068M

vm_info: OpenJDK 64-Bit Server VM (21.0.8+9-LTS) for windows-amd64 JRE (21.0.8+9-LTS), built on 2025-07-15T00:00:00Z by "admin" with MS VC++ 17.7 (VS2022)

END.
