#
# There is insufficient memory for the Java Runtime Environment to continue.
# Native memory allocation (mmap) failed to map 98566144 bytes for G1 virtual space
# Possible reasons:
#   The system is out of physical RAM or swap space
#   The process is running with CompressedOops enabled, and the Java Heap may be blocking the growth of the native heap
# Possible solutions:
#   Reduce memory load on the system
#   Increase physical memory or swap space
#   Check if swap backing store is full
#   Decrease Java heap size (-Xmx/-Xms)
#   Decrease number of Java threads
#   Decrease Java thread stack sizes (-Xss)
#   Set larger code cache with -XX:ReservedCodeCacheSize=
#   JVM is running with Unscaled Compressed Oops mode in which the Java heap is
#     placed in the first 4GB address space. The Java Heap base address is the
#     maximum limit for the native heap growth. Please use -XX:HeapBaseMinAddress
#     to set the Java Heap base and to place the Java Heap above 4GB virtual address.
# This output file may be truncated or incomplete.
#
#  Out of Memory Error (os_windows.cpp:3600), pid=28604, tid=28652
#
# JRE version:  (21.0.5+9) (build )
# Java VM: Java HotSpot(TM) 64-Bit Server VM (21.0.5+9-LTS-239, mixed mode, emulated-client, sharing, tiered, compressed oops, compressed class ptrs, g1 gc, windows-amd64)
# No core dump will be written. Minidumps are not enabled by default on client versions of Windows
#

---------------  S U M M A R Y ------------

Command Line: -XX:TieredStopAtLevel=1 -Dfile.encoding=windows-1252 -Duser.country=US -Duser.language=en -Duser.variant com.pgvaale.backend.BackendApplication

Host: AMD Ryzen 5 5500U with Radeon Graphics         , 12 cores, 5G,  Windows 11 , 64 bit Build 26100 (10.0.26100.4768)
Time: Sun Aug 10 12:09:22 2025 India Standard Time elapsed time: 2.090010 seconds (0d 0h 0m 2s)

---------------  T H R E A D  ---------------

Current thread (0x000001c2b224cf40):  JavaThread "Unknown thread" [_thread_in_vm, id=28652, stack(0x0000001ae5000000,0x0000001ae5100000) (1024K)]

Stack: [0x0000001ae5000000,0x0000001ae5100000]
Native frames: (J=compiled Java code, j=interpreted, Vv=VM code, C=native code)
V  [jvm.dll+0x6ca289]
V  [jvm.dll+0x854a51]
V  [jvm.dll+0x856f7e]
V  [jvm.dll+0x857653]
V  [jvm.dll+0x27dd26]
V  [jvm.dll+0x6c6a25]
V  [jvm.dll+0x6bb5aa]
V  [jvm.dll+0x35359a]
V  [jvm.dll+0x35b1f6]
V  [jvm.dll+0x3adade]
V  [jvm.dll+0x3add88]
V  [jvm.dll+0x3278fc]
V  [jvm.dll+0x32845b]
V  [jvm.dll+0x81de19]
V  [jvm.dll+0x3ba7c1]
V  [jvm.dll+0x807168]
V  [jvm.dll+0x44f96e]
V  [jvm.dll+0x451561]
C  [jli.dll+0x52a3]
C  [ucrtbase.dll+0x37b0]
C  [KERNEL32.DLL+0x2e8d7]
C  [ntdll.dll+0x3c34c]


---------------  P R O C E S S  ---------------

Threads class SMR info:
_java_thread_list=0x00007ffafc28ac08, length=0, elements={
}

Java Threads: ( => current thread )
Total: 0

Other Threads:
  0x000001c2b44adfd0 WorkerThread "GC Thread#0"                     [id=28656, stack(0x0000001ae5100000,0x0000001ae5200000) (1024K)]
  0x000001c2b44bb380 ConcurrentGCThread "G1 Main Marker"            [id=28660, stack(0x0000001ae5200000,0x0000001ae5300000) (1024K)]
  0x000001c2b44bbfe0 WorkerThread "G1 Conc#0"                       [id=28664, stack(0x0000001ae5300000,0x0000001ae5400000) (1024K)]

[error occurred during error reporting (printing all threads), id 0xc0000005, EXCEPTION_ACCESS_VIOLATION (0xc0000005) at pc=0x00007ffafb9fa087]
VM state: not at safepoint (not fully initialized)

VM Mutex/Monitor currently owned by a thread:  ([mutex/lock_event])
[0x00007ffafc2fbf98] Heap_lock - owner thread: 0x000001c2b224cf40

Heap address: 0x00000000a2600000, size: 1498 MB, Compressed Oops mode: 32-bit

CDS archive(s) mapped at: [0x0000000000000000-0x0000000000000000-0x0000000000000000), size 0, SharedBaseAddress: 0x0000000800000000, ArchiveRelocationMode: 1.
Narrow klass base: 0x0000000000000000, Narrow klass shift: 0, Narrow klass range: 0x0

GC Precious Log:
 CardTable entry size: 512
 Card Set container configuration: InlinePtr #cards 5 size 8 Array Of Cards #cards 12 size 40 Howl #buckets 4 coarsen threshold 1843 Howl Bitmap #cards 512 size 80 coarsen threshold 460 Card regions per heap region 1 cards per card region 2048

Heap:
 garbage-first heap   total 0K, used 0K [0x00000000a2600000, 0x0000000100000000)
  region size 1024K, 0 young (0K), 0 survivors (0K)

[error occurred during error reporting (printing heap information), id 0xc0000005, EXCEPTION_ACCESS_VIOLATION (0xc0000005) at pc=0x00007ffafbde3259]
GC Heap History (0 events):
No events

Dll operation events (1 events):
Event: 0.047 Loaded shared library C:\Program Files\Java\jdk-21\bin\java.dll

Deoptimization events (0 events):
No events

Classes loaded (0 events):
No events

Classes unloaded (0 events):
No events

Classes redefined (0 events):
No events

Internal exceptions (0 events):
No events

ZGC Phase Switch (0 events):
No events

VM Operations (0 events):
No events

Events (0 events):
No events


Dynamic libraries:
0x00007ff78e2c0000 - 0x00007ff78e2d0000 	C:\Program Files\Java\jdk-21\bin\java.exe
0x00007ffb6b2c0000 - 0x00007ffb6b527000 	C:\WINDOWS\SYSTEM32\ntdll.dll
0x00007ffb69c90000 - 0x00007ffb69d59000 	C:\WINDOWS\System32\KERNEL32.DLL
0x00007ffb68a50000 - 0x00007ffb68e40000 	C:\WINDOWS\System32\KERNELBASE.dll
0x00007ffb68900000 - 0x00007ffb68a4b000 	C:\WINDOWS\System32\ucrtbase.dll
0x00007ffb58180000 - 0x00007ffb58199000 	C:\Program Files\Java\jdk-21\bin\jli.dll
0x00007ffb6a690000 - 0x00007ffb6a744000 	C:\WINDOWS\System32\ADVAPI32.dll
0x00007ffb69e60000 - 0x00007ffb69f09000 	C:\WINDOWS\System32\msvcrt.dll
0x00007ffb54e50000 - 0x00007ffb54e6b000 	C:\Program Files\Java\jdk-21\bin\VCRUNTIME140.dll
0x00007ffb69900000 - 0x00007ffb699a6000 	C:\WINDOWS\System32\sechost.dll
0x00007ffb697e0000 - 0x00007ffb698f8000 	C:\WINDOWS\System32\RPCRT4.dll
0x00007ffb6b0a0000 - 0x00007ffb6b265000 	C:\WINDOWS\System32\USER32.dll
0x00007ffb53f60000 - 0x00007ffb541fa000 	C:\WINDOWS\WinSxS\amd64_microsoft.windows.common-controls_6595b64144ccf1df_6.0.26100.4768_none_3e0c112ce331287c\COMCTL32.dll
0x00007ffb688d0000 - 0x00007ffb688f7000 	C:\WINDOWS\System32\win32u.dll
0x00007ffb6a750000 - 0x00007ffb6a77b000 	C:\WINDOWS\System32\GDI32.dll
0x00007ffb68490000 - 0x00007ffb685c8000 	C:\WINDOWS\System32\gdi32full.dll
0x00007ffb68fa0000 - 0x00007ffb69043000 	C:\WINDOWS\System32\msvcp_win.dll
0x00007ffb616f0000 - 0x00007ffb616fb000 	C:\WINDOWS\SYSTEM32\VERSION.dll
0x00007ffb697a0000 - 0x00007ffb697cf000 	C:\WINDOWS\System32\IMM32.DLL
0x00007ffb5d350000 - 0x00007ffb5d35c000 	C:\Program Files\Java\jdk-21\bin\vcruntime140_1.dll
0x00007ffb3b4c0000 - 0x00007ffb3b54e000 	C:\Program Files\Java\jdk-21\bin\msvcp140.dll
0x00007ffafb6c0000 - 0x00007ffafc3d8000 	C:\Program Files\Java\jdk-21\bin\server\jvm.dll
0x00007ffb69f10000 - 0x00007ffb69f84000 	C:\WINDOWS\System32\WS2_32.dll
0x00007ffb616b0000 - 0x00007ffb616e5000 	C:\WINDOWS\SYSTEM32\WINMM.dll
0x00007ffb68250000 - 0x00007ffb682ae000 	C:\WINDOWS\SYSTEM32\POWRPROF.dll
0x00007ffb68230000 - 0x00007ffb68244000 	C:\WINDOWS\SYSTEM32\UMPDC.dll
0x00007ffb67130000 - 0x00007ffb6714b000 	C:\WINDOWS\SYSTEM32\kernel.appcore.dll
0x00007ffb59760000 - 0x00007ffb5976a000 	C:\Program Files\Java\jdk-21\bin\jimage.dll
0x00007ffb5ae40000 - 0x00007ffb5b081000 	C:\WINDOWS\SYSTEM32\DBGHELP.DLL
0x00007ffb6ad10000 - 0x00007ffb6b095000 	C:\WINDOWS\System32\combase.dll
0x00007ffb6a790000 - 0x00007ffb6a870000 	C:\WINDOWS\System32\OLEAUT32.dll
0x00007ffb55ab0000 - 0x00007ffb55af3000 	C:\WINDOWS\SYSTEM32\dbgcore.DLL
0x00007ffb683f0000 - 0x00007ffb68489000 	C:\WINDOWS\System32\bcryptPrimitives.dll
0x00007ffb54d40000 - 0x00007ffb54d5f000 	C:\Program Files\Java\jdk-21\bin\java.dll

dbghelp: loaded successfully - version: 4.0.5 - missing functions: none
symbol engine: initialized successfully - sym options: 0x614 - pdb path: .;C:\Program Files\Java\jdk-21\bin;C:\WINDOWS\SYSTEM32;C:\WINDOWS\WinSxS\amd64_microsoft.windows.common-controls_6595b64144ccf1df_6.0.26100.4768_none_3e0c112ce331287c;C:\Program Files\Java\jdk-21\bin\server

VM Arguments:
jvm_args: -XX:TieredStopAtLevel=1 -Dfile.encoding=windows-1252 -Duser.country=US -Duser.language=en -Duser.variant 
java_command: com.pgvaale.backend.BackendApplication
java_class_path (initial): F:\PGVaale\backend\build\classes\java\main;F:\PGVaale\backend\build\resources\main;C:\Users\LENOVO\.gradle\caches\modules-2\files-2.1\io.jsonwebtoken\jjwt-impl\0.11.5\40a599f0e8a8e4e0701596fbb15e67bfda64fdf0\jjwt-impl-0.11.5.jar;C:\Users\LENOVO\.gradle\caches\modules-2\files-2.1\io.jsonwebtoken\jjwt-jackson\0.11.5\3b83a06809e98a69402d7333dcf67df6f6ea4579\jjwt-jackson-0.11.5.jar;C:\Users\LENOVO\.gradle\caches\modules-2\files-2.1\io.jsonwebtoken\jjwt-api\0.11.5\f742940045619d06383e7df37b21ac422b476cf1\jjwt-api-0.11.5.jar;C:\Users\LENOVO\.gradle\caches\modules-2\files-2.1\org.springdoc\springdoc-openapi-starter-webmvc-ui\2.5.0\e81e60e9be9fd65503071337e634b6056127a2fb\springdoc-openapi-starter-webmvc-ui-2.5.0.jar;C:\Users\LENOVO\.gradle\caches\modules-2\files-2.1\com.github.librepdf\openpdf\1.3.30\349778353ca669596888d4bff55fb05595c5a497\openpdf-1.3.30.jar;C:\Users\LENOVO\.gradle\caches\modules-2\files-2.1\com.h2database\h2\2.3.232\4fcc05d966ccdb2812ae8b9a718f69226c0cf4e2\h2-2.3.232.jar;C:\Users\LENOVO\.gradle\caches\modules-2\files-2.1\com.mysql\mysql-connector-j\9.2.0\cc7bed59ccee3c47554aeb89e37c24d95a74bec3\mysql-connector-j-9.2.0.jar;C:\Users\LENOVO\.gradle\caches\modules-2\files-2.1\org.hibernate.orm\hibernate-core\6.6.18.Final\c3d150af4c341a7b07c75a8905bfbba895e73fbc\hibernate-core-6.6.18.Final.jar;C:\Users\LENOVO\.gradle\caches\modules-2\files-2.1\org.springframework.data\spring-data-jpa\3.5.1\7d34c2d8c8bcd96f5ce3f012c2a88d682a86e14b\spring-data-jpa-3.5.1.jar;C:\Users\LENOVO\.gradle\caches\modules-2\files-2.1\org.springframework\spring-aspects\6.2.8\30cd83452beef146187bee60a824fe3ae7197d85\spring-aspects-6.2.8.jar;C:\Users\LENOVO\.gradle\caches\modules-2\files-2.1\org.springframework.security\spring-security-config\6.5.1\49e1411bc9d97faafcde42877614358a5357a3c7\spring-security-config-6.5.1.jar;C:\Users\LENOVO\.gradle\caches\modules-2\files-2.1\org.springframework.security\spring-security-web\6.5.1\9255d45a0f69305ceae1fb770a774acdf805c485\spring-security-web-6.5.1.jar;C:\Users\LENOVO\.gradle\caches\modules-2\files-2.1\org.springdoc\springdoc-openapi-starter-webmvc-api\2.5.0\a450d666f17b10adff53703b16bc77954a045fd2\springdoc-openapi-starter-webmvc-api-2.5.0.jar;C:\Users\LENOVO\.gradle\caches\modules-2\files-2.1\org.springframework\spring-webmvc\6.2.8\a98cbaba4b55b4fee2d752041130e2e0f7014b27\spring-webmvc-6.2.8.jar;C:\Users\LENOVO\.gradle\caches\modules-2\files-2.1\org.springframework\spring-context-support\6.2.8\b5b5cbbe02a137eb25406bd006102bc8c3ceabbf\spring-context-support-6.2.8.jar;C:\Users\LENOVO\.gradle\caches\modules-2\files-2.1\org.springdoc\springdoc-openapi-starter-common\2.5.0\d83078092cc4e61ef502018c7560d466210cc14e\springdoc-openapi-starter-common-2.5.0.jar;C:\Users\LENOVO\.gradle\caches\modules-2\files-2.1\org.springframework.boot\spring-boot-autoconfigure\3.5.3\b03483a9d3c480d064c8380e2d78ea3593ca6cb8\spring-boot-autoconfigure-3.5.3.jar;C:\Users\LENOVO\.gradle\caches\modules-2\files-2.1\org.springframework.boot\spring-boot\3.5.3\1b02976773afc2489df3c22000acaf83d0ada2b2\spring-boot-3.5.3.jar;C:\Users\LENOVO\.gradle\caches\modules-2\files-2.1\org.springframework.security\spring-security-core\6.5.1\e7df1e6596b39b39f4a01000cab0318c0ed17ab0\spring-security-core-6.5.1.jar;C:\Users\LENOVO\.gradle\caches\modules-2\files-2.1\org.springframework\spring-context\6.2.8\9db99fe5f92f587e8f2b26b34a7f42260169925a\spring-context-6.2.8.jar;C:\Users\LENOVO\.gradle\caches\modules-2\files-2.1\org.springframework\spring-aop\6.2.8\435fb310d5f464050b91ac3cb1a7f217a471e62e\spring-aop-6.2.8.jar;C:\Users\LENOVO\.gradle\caches\modules-2\files-2.1\org.springframework\spring-web\6.2.8\7b6a4ffb12639779721bc5adbc7f5ba80db72ff9\spring-web-6.2.8.jar;C:\Users\LENOVO\.gradle\caches\modules-2\files-2.1\org.eclipse.angus\jakarta.mail\2.0.3\3dea6aeee9603f573687b0d4da5dc1316d921bb7\jakarta.mail-2.0.3.jar;C:\Users\LENOVO\.gradle\caches\modules-2\files-2.1\org.webjars\swagger-ui\5.13.0\262a148333ae8c7fd0e23606855ec516e473efd\swagger-ui-5.13.0.jar;C:\Users\LENOVO\.gradle\caches\modules-2\files-2.1\com.google.code.findbugs\jsr305\3.0.2\25ea2e8b0c338a877313bd4672d3fe056ea78f0d\jsr305-3.0.2.jar;C:\Users\LENOVO\.gradle\caches\modules-2\files-2.1\io.swagger.core.v3\swagger-core-jakarta\2.2.21\b7d961d3431bb200af600c5bb6b68024c2f6282c\swagger-core-jakarta-2.2.21.jar;C:\Users\LENOVO\.gradle\caches\modules-2\files-2.1\com.fasterxml.jackson.datatype\jackson-datatype-jsr310\2.19.1\e9df57105f3b0730040ad7f3a1b603684a3329f4\jackson-datatype-jsr310-2.19.1.jar;C:\Users\LENOVO\.gradle\caches\modules-2\files-2.1\com.fasterxml.jackson.module\jackson-module-parameter-names\2.19.1\133a9dc4ff2413035dc7ca8a9aa6a1da3667ddfb\jackson-module-parameter-names-2.19.1.jar;C:\Users\LENOVO\.gradle\caches\modules-2\files-2.1\io.swagger.core.v3\swagger-models-jakarta\2.2.21\3f6ed502304a3a2cc4ae847dbdc956ba010e8261\swagger-models-jakarta-2.2.21.jar;C:\Users\LENOVO\.gradle\caches\modules-2\files-2.1\com.fasterxml.jackson.core\jackson-annotations\2.19.1\37e4f0c5dba684e00137defdb04ad9df95920c44\jackson-annotations-2.19.1.jar;C:\Users\LENOVO\.gradle\caches\modules-2\files-2.1\com.fasterxml.jackson.dataformat\jackson-dataformat-yaml\2.19.1\7227825f12607a539d213d227a7c126cb76ad9d3\jackson-dataformat-yaml-2.19.1.jar;C:\Users\LENOVO\.gradle\caches\modules-2\files-2.1\com.fasterxml.jackson.core\jackson-core\2.19.1\6e5a8cb8a6cada322497cefb7726657d98aaee15\jackson-core-2.19.1.jar;C:\Users\LENOVO\.gradle\caches\modules-2\files-2.1\com.fasterxml.jackson.datatype\jackson-datatype-jdk8\2.19.1\eabbc99d0e146b1a7085fddd02568faf1d3b4ab1\jackson-datatype-jdk8-2.19.1.jar;C:\Users\LENOVO\.gradle\caches\modules-2\files-2.1\com.fasterxml.jackson.core\jackson-databind\2.19.1\e8cb8e76faea3e0791165f5d3614fc45933b2ee0\jackson-databind-2.19.1.jar;C:\Users\LENOVO\.gradle\caches\modules-2\files-2.1\jakarta.annotation\jakarta.annotation-api\2.1.1\48b9bda22b091b1f48b13af03fe36db3be6e1ae3\jakarta.annotation-api-2.1.1.jar;C:\Users\LENOVO\.gradle\caches\modules-2\files-2.1\org.springframework\spring-orm\6.2.8\3bfe2a04c09ad1d7738b16e6e4636a7255be3af8\spring-orm-6.2.8.jar;C:\Users\LENOVO\.gradle\caches\modules-2\files-2.1\org.springframework\spring-jdbc\6.2.8\2927be130aa08d6513804a048eb6065ab5c51a1d\spring-jdbc-6.2.8.jar;C:\Users\LENOVO\.gradle\caches\modules-2\files-2.1\org.springframework.data\spring-data-commons\3.5.1\90bd3f9edcc3b98e0d49657f3f2152e933b42ae8\spring-data-commons-3.5.1.jar;C:\Users\LENOVO\.gradle\caches\modules-2\files-2.1\org.springframework\spring-tx\6.2.8\6b2eecf34f0810dd989f7e7bfa8fd8c86fe28dfb\spring-tx-6.2.8.jar;C:\Users\LENOVO\.gradle\caches\modules-2\files-2.1\org.springframework\spring-beans\6.2.8\9da1e690f343c30b6ed6eabd5f60ecc5dd0b225a\spring-beans-6.2.8.jar;C:\Users\LENOVO\.gradle\caches\modules-2\files-2.1\org.springframework\spring-expression\6.2.8\19e6618120fab6a572880675e1c0af676c7aa4ac\spring-expression-6.2.8.jar;C:\Users\LENOVO\.gradle\caches\modules-2\files-2.1\org.springframework\spring-core\6.2.8\2caf1cef93252f5ef2b7f334b8b4d61f3aecad15\spring-core-6.2.8.jar;C:\Users\LENOVO\.gradle\caches\modules-2\files-2.1\org.yaml\snakeyaml\2.4\e0666b825b796f85521f02360e77f4c92c5a7a07\snakeyaml-2.4.jar;C:\Users\LENOVO\.gradle\caches\modules-2\files-2.1\com.zaxxer\HikariCP\6.3.0\bebd113244c9d9926c6b792f28110ed6380cacc2\HikariCP-6.3.0.jar;C:\Users\LENOVO\.gradle\caches\modules-2\files-2.1\jakarta.persistence\jakarta.persistence-api\3.1.0\66901fa1c373c6aff65c13791cc11da72060a8d6\jakarta.persistence-api-3.1.0.jar;C:\Users\LENOVO\.gradle\caches\modules-2\files-2.1\jakarta.transaction\jakarta.transaction-api\2.0.1\51a520e3fae406abb84e2e1148e6746ce3f80a1a\jakarta.transaction-api-2.0.1.jar;C:\Users\LENOVO\.gradle\caches\modules-2\files-2.1\org.jboss.logging\jboss-logging\3.6.1.Final\886afbb445b4016a37c8960a7aef6ebd769ce7e5\jboss-logging-3.6.1.Final.jar;C:\Users\LENOVO\.gradle\caches\modules-2\files-2.1\org.hibernate.common\hibernate-commons-annotations\7.0.3.Final\e183c4be8bb41d12e9f19b374e00c34a0a85f439\hibernate-commons-annotations-7.0.3.Final.jar;C:\Users\LENOVO\.gradle\caches\modules-2\files-2.1\io.smallrye\jandex\3.2.0\f17ad860f62a08487b9edabde608f8ac55c62fa7\jandex-3.2.0.jar;C:\Users\LENOVO\.gradle\caches\modules-2\files-2.1\com.fasterxml\classmate\1.7.0\e98374da1f2143ac8e6e0a95036994bb19137a3\classmate-1.7.0.jar;C:\Users\LENOVO\.gradle\caches\modules-2\files-2.1\net.bytebuddy\byte-buddy\1.17.6\8c70cbc6950b2ae5291a98d5003e06406d633803\byte-buddy-1.17.6.jar;C:\Users\LENOVO\.gradle\caches\modules-2\files-2.1\org.glassfish.jaxb\jaxb-runtime\4.0.5\ca84c2a7169b5293e232b9d00d1e4e36d4c3914a\jaxb-runtime-4.0.5.jar;C:\Users\LENOVO\.gradle\caches\modules-2\files-2.1\org.glassfish.jaxb\jaxb-core\4.0.5\7b4b11ea5542eea4ad55e1080b23be436795b3\jaxb-core-4.0.5.jar;C:\Users\LENOVO\.gradle\caches\modules-2\files-2.1\jakarta.xml.bind\jakarta.xml.bind-api\4.0.2\6cd5a999b834b63238005b7144136379dc36cad2\jakarta.xml.bind-api-4.0.2.jar;C:\Users\LENOVO\.gradle\caches\modules-2\files-2.1\jakarta.inject\jakarta.inject-api\2.0.1\4c28afe1991a941d7702fe1362c365f0a8641d1e\jakarta.inject-api-2.0.1.jar;C:\Users\LENOVO\.gradle\caches\modules-2\files-2.1\org.antlr\antlr4-runtime\4.13.0\5a02e48521624faaf5ff4d99afc88b01686af655\antlr4-runtime-4.13.0.jar;C:\Users\LENOVO\.gradle\caches\modules-2\files-2.1\ch.qos.logback\logback-classic\1.5.18\fc371f3fc97a639de2d67947cffb7518ec5e3d40\logback-classic-1.5.18.jar;C:\Users\LENOVO\.gradle\caches\modules-2\files-2.1\org.apache.logging.log4j\log4j-to-slf4j\2.24.3\da1143e2a2531ee1c2d90baa98eb50a28a39d5a7\log4j-to-slf4j-2.24.3.jar;C:\Users\LENOVO\.gradle\caches\modules-2\files-2.1\org.slf4j\jul-to-slf4j\2.0.17\524cb6ccc2b68a57604750e1ab8b13b5a786a6aa\jul-to-slf4j-2.0.17.jar;C:\Users\LENOVO\.gradle\caches\modules-2\files-2.1\org.slf4j\slf4j-api\2.0.17\d9e58ac9c7779ba3bf8142aff6c830617a7fe60f\slf4j-api-2.0.17.jar;C:\Users\LENOVO\.gradle\caches\modules-2\files-2.1\org.aspectj\aspectjweaver\1.9.24\9b5aeb0cea9f958b9c57fb80e62996e95a3e9379\aspectjweaver-1.9.24.jar;C:\Users\LENOVO\.gradle\caches\modules-2\files-2.1\org.apache.tomcat.embed\tomcat-embed-websocket\10.1.42\e47e420583a372feaece0dc9b8a9a63c4bfcd093\tomcat-embed-websocket-10.1.42.jar;C:\Users\LENOVO\.gradle\caches\modules-2\files-2.1\org.apache.tomcat.embed\tomcat-embed-core\10.1.42\8906a203edef16fa6013635925bf9f5d1dbe5639\tomcat-embed-core-10.1.42.jar;C:\Users\LENOVO\.gradle\caches\modules-2\files-2.1\org.apache.tomcat.embed\tomcat-embed-el\10.1.42\a82416ce2960c50ee8150c9229e058b826e070a8\tomcat-embed-el-10.1.42.jar;C:\Users\LENOVO\.gradle\caches\modules-2\files-2.1\io.micrometer\micrometer-observation\1.15.1\3d0a62a46350707984e3600297cc8e08c4722399\micrometer-observation-1.15.1.jar;C:\Users\LENOVO\.gradle\caches\modules-2\files-2.1\org.eclipse.angus\angus-activation\2.0.2\41f1e0ddd157c856926ed149ab837d110955a9fc\angus-activation-2.0.2.jar;C:\Users\LENOVO\.gradle\caches\modules-2\files-2.1\jakarta.activation\jakarta.activation-api\2.1.3\fa165bd70cda600368eee31555222776a46b881f\jakarta.activation-api-2.1.3.jar;C:\Users\LENOVO\.gradle\caches\modules-2\files-2.1\org.springframework\spring-jcl\6.2.8\b806d8d270a8eebaca56f6b4dae8f627460b0d4e\spring-jcl-6.2.8.jar;C:\Users\LENOVO\.gradle\caches\modules-2\files-2.1\org.springframework.security\spring-security-crypto\6.5.1\fb3f9675a194778207a497c658102f55f841b77e\spring-security-crypto-6.5.1.jar;C:\Users\LENOVO\.gradle\caches\modules-2\files-2.1\io.micrometer\micrometer-commons\1.15.1\43cbe2327f4e3f5cbfda6be64418c66b9b62f4ec\micrometer-commons-1.15.1.jar;C:\Users\LENOVO\.gradle\caches\modules-2\files-2.1\ch.qos.logback\logback-core\1.5.18\6c0375624f6f36b4e089e2488ba21334a11ef13f\logback-core-1.5.18.jar;C:\Users\LENOVO\.gradle\caches\modules-2\files-2.1\org.apache.logging.log4j\log4j-api\2.24.3\b02c125db8b6d295adf72ae6e71af5d83bce2370\log4j-api-2.24.3.jar;C:\Users\LENOVO\.gradle\caches\modules-2\files-2.1\org.glassfish.jaxb\txw2\4.0.5\f36a4ef12120a9bb06d766d6a0e54b144fd7ed98\txw2-4.0.5.jar;C:\Users\LENOVO\.gradle\caches\modules-2\files-2.1\com.sun.istack\istack-commons-runtime\4.1.2\18ec117c85f3ba0ac65409136afa8e42bc74e739\istack-commons-runtime-4.1.2.jar;C:\Users\LENOVO\.gradle\caches\modules-2\files-2.1\org.apache.commons\commons-lang3\3.17.0\b17d2136f0460dcc0d2016ceefca8723bdf4ee70\commons-lang3-3.17.0.jar;C:\Users\LENOVO\.gradle\caches\modules-2\files-2.1\io.swagger.core.v3\swagger-annotations-jakarta\2.2.21\3fa24dc3ad843c44602df97832f2d38e7bad1465\swagger-annotations-jakarta-2.2.21.jar;C:\Users\LENOVO\.gradle\caches\modules-2\files-2.1\jakarta.validation\jakarta.validation-api\3.0.2\92b6631659ba35ca09e44874d3eb936edfeee532\jakarta.validation-api-3.0.2.jar
Launcher Type: SUN_STANDARD

[Global flags]
     intx CICompilerCount                          = 4                                         {product} {ergonomic}
     uint ConcGCThreads                            = 3                                         {product} {ergonomic}
     uint G1ConcRefinementThreads                  = 10                                        {product} {ergonomic}
   size_t G1HeapRegionSize                         = 1048576                                   {product} {ergonomic}
    uintx GCDrainStackTargetSize                   = 64                                        {product} {ergonomic}
   size_t InitialHeapSize                          = 98566144                                  {product} {ergonomic}
   size_t MarkStackSize                            = 4194304                                   {product} {ergonomic}
   size_t MaxHeapSize                              = 1570766848                                {product} {ergonomic}
   size_t MinHeapDeltaBytes                        = 1048576                                   {product} {ergonomic}
   size_t MinHeapSize                              = 8388608                                   {product} {ergonomic}
    uintx NonNMethodCodeHeapSize                   = 4096                                   {pd product} {ergonomic}
    uintx NonProfiledCodeHeapSize                  = 0                                      {pd product} {ergonomic}
     bool ProfileInterpreter                       = false                                  {pd product} {command line}
    uintx ProfiledCodeHeapSize                     = 0                                      {pd product} {ergonomic}
   size_t SoftMaxHeapSize                          = 1570766848                             {manageable} {ergonomic}
     intx TieredStopAtLevel                        = 1                                         {product} {command line}
     bool UseCompressedOops                        = true                           {product lp64_product} {ergonomic}
     bool UseG1GC                                  = true                                      {product} {ergonomic}
     bool UseLargePagesIndividualAllocation        = false                                  {pd product} {ergonomic}

Logging:
Log output configuration:
 #0: stdout all=warning uptime,level,tags foldmultilines=false
 #1: stderr all=off uptime,level,tags foldmultilines=false

Environment Variables:
JAVA_HOME=C:\Program Files\Eclipse Adoptium\jdk-17.0.12.7-hotspot\
PATH=C:\Program Files\Git\cmd;C:\Program Files\nodejs\;C:\Users\LENOVO\AppData\Roaming\npm;C:\Program Files\nodejs\;C:\Users\LENOVO\Downloads\apache-maven-3.9.9-bin\apache-maven-3.9.9\bin;C:\Users\LENOVO\AppData\Local\Programs\cursor\resources\app\bin;C:\Users\LENOVO\AppData\Local\Programs\Microsoft VS Code\bin;C:\Users\LENOVO\AppData\Roaming\npm;C:\Windows\System32;C:\Program Files\Microsoft SQL Server\Client SDK\ODBC\170\Tools\Binn\;C:\Program Files\dotnet\;C:\Program Files\Microsoft SQL Server\Client SDK\ODBC\130\Tools\Binn\;C:\Program Files\Microsoft SQL Server\150\Tools\Binn\;C:\Users\LENOVO\Downloads\apache-maven-3.9.9-bin\apache-maven-3.9.9\bin;C:\Users\LENOVO\AppData\Roaming\npm;C:\Users\LENOVO\AppData\Local\Programs\Microsoft VS Code\bin;C:\Users\LENOVO\.dotnet\tools;C:\Users\LENOVO\AppData\Local\Programs\Windsurf\bin;C:\Users\LENOVO\AppData\Local\Programs\cursor\resources\app\bin
USERNAME=LENOVO
OS=Windows_NT
PROCESSOR_IDENTIFIER=AMD64 Family 23 Model 104 Stepping 1, AuthenticAMD
TMP=C:\Users\LENOVO\AppData\Local\Temp
TEMP=C:\Users\LENOVO\AppData\Local\Temp




Periodic native trim disabled

---------------  S Y S T E M  ---------------

OS:
 Windows 11 , 64 bit Build 26100 (10.0.26100.4768)
OS uptime: 0 days 0:47 hours
Hyper-V role detected

CPU: total 12 (initial active 12) (12 cores per cpu, 2 threads per core) family 23 model 104 stepping 1 microcode 0x8608109, cx8, cmov, fxsr, ht, mmx, 3dnowpref, sse, sse2, sse3, ssse3, sse4a, sse4.1, sse4.2, popcnt, lzcnt, tsc, tscinvbit, avx, avx2, aes, clmul, bmi1, bmi2, adx, sha, fma, vzeroupper, clflush, clflushopt, hv, rdtscp, rdpid, f16c
Processor Information for all 12 processors :
  Max Mhz: 2100, Current Mhz: 1700, Mhz Limit: 2100

Memory: 4k page, system-wide physical 5989M (482M free)
TotalPageFile size 24421M (AvailPageFile size 23M)
current process WorkingSet (physical memory assigned to process): 12M, peak: 12M
current process commit charge ("private bytes"): 59M, peak: 153M

vm_info: Java HotSpot(TM) 64-Bit Server VM (21.0.5+9-LTS-239) for windows-amd64 JRE (21.0.5+9-LTS-239), built on 2024-09-30T05:17:38Z by "mach5one" with MS VC++ 17.6 (VS2022)

END.
